Archive member included because of file (symbol)

c:/nxp/lpcxpresso_7.7.2_379/lpcxpresso/tools/bin/../lib/gcc/arm-none-eabi/4.9.3/../../../../arm-none-eabi/lib/armv7-m\libcr_semihost.a(_cr__main.o)
                              ./src/cr_startup_lpc175x_6x.o (__main)
c:/nxp/lpcxpresso_7.7.2_379/lpcxpresso/tools/bin/../lib/gcc/arm-none-eabi/4.9.3/../../../../arm-none-eabi/lib/armv7-m\libcr_c.a(initio.o)
                              c:/nxp/lpcxpresso_7.7.2_379/lpcxpresso/tools/bin/../lib/gcc/arm-none-eabi/4.9.3/../../../../arm-none-eabi/lib/armv7-m\libcr_semihost.a(_cr__main.o) (_initio)
c:/nxp/lpcxpresso_7.7.2_379/lpcxpresso/tools/bin/../lib/gcc/arm-none-eabi/4.9.3/../../../../arm-none-eabi/lib/armv7-m\libcr_c.a(itoa.o)
                              ./src/Primitivas/PR_LCD.o (itoa)
c:/nxp/lpcxpresso_7.7.2_379/lpcxpresso/tools/bin/../lib/gcc/arm-none-eabi/4.9.3/../../../../arm-none-eabi/lib/armv7-m\libcr_c.a(scanf.o)
                              ./src/Primitivas/PR_LCD.o (atoi)
c:/nxp/lpcxpresso_7.7.2_379/lpcxpresso/tools/bin/../lib/gcc/arm-none-eabi/4.9.3/../../../../arm-none-eabi/lib/armv7-m\libcr_c.a(setvbuf.o)
                              c:/nxp/lpcxpresso_7.7.2_379/lpcxpresso/tools/bin/../lib/gcc/arm-none-eabi/4.9.3/../../../../arm-none-eabi/lib/armv7-m\libcr_c.a(initio.o) (setvbuf)
c:/nxp/lpcxpresso_7.7.2_379/lpcxpresso/tools/bin/../lib/gcc/arm-none-eabi/4.9.3/../../../../arm-none-eabi/lib/armv7-m\libcr_c.a(stdio.o)
                              c:/nxp/lpcxpresso_7.7.2_379/lpcxpresso/tools/bin/../lib/gcc/arm-none-eabi/4.9.3/../../../../arm-none-eabi/lib/armv7-m\libcr_c.a(initio.o) (__Ciob)
c:/nxp/lpcxpresso_7.7.2_379/lpcxpresso/tools/bin/../lib/gcc/arm-none-eabi/4.9.3/../../../../arm-none-eabi/lib/armv7-m\libcr_c.a(strcpy.o)
                              ./src/Primitivas/PR_LCD.o (strcpy)
c:/nxp/lpcxpresso_7.7.2_379/lpcxpresso/tools/bin/../lib/gcc/arm-none-eabi/4.9.3/../../../../arm-none-eabi/lib/armv7-m\libcr_c.a(strlen.o)
                              c:/nxp/lpcxpresso_7.7.2_379/lpcxpresso/tools/bin/../lib/gcc/arm-none-eabi/4.9.3/../../../../arm-none-eabi/lib/armv7-m\libcr_c.a(scanf.o) (strlen)
c:/nxp/lpcxpresso_7.7.2_379/lpcxpresso/tools/bin/../lib/gcc/arm-none-eabi/4.9.3/../../../../arm-none-eabi/lib/armv7-m\libcr_c.a(ungetc.o)
                              c:/nxp/lpcxpresso_7.7.2_379/lpcxpresso/tools/bin/../lib/gcc/arm-none-eabi/4.9.3/../../../../arm-none-eabi/lib/armv7-m\libcr_c.a(scanf.o) (ungetc)
c:/nxp/lpcxpresso_7.7.2_379/lpcxpresso/tools/bin/../lib/gcc/arm-none-eabi/4.9.3/../../../../arm-none-eabi/lib/armv7-m\libcr_c.a(memset.o)
                              c:/nxp/lpcxpresso_7.7.2_379/lpcxpresso/tools/bin/../lib/gcc/arm-none-eabi/4.9.3/../../../../arm-none-eabi/lib/armv7-m\libcr_c.a(initio.o) (memset)
c:/nxp/lpcxpresso_7.7.2_379/lpcxpresso/tools/bin/../lib/gcc/arm-none-eabi/4.9.3/../../../../arm-none-eabi/lib/armv7-m\libcr_c.a(__fillbuf.o)
                              c:/nxp/lpcxpresso_7.7.2_379/lpcxpresso/tools/bin/../lib/gcc/arm-none-eabi/4.9.3/../../../../arm-none-eabi/lib/armv7-m\libcr_c.a(scanf.o) (__filbuf)
c:/nxp/lpcxpresso_7.7.2_379/lpcxpresso/tools/bin/../lib/gcc/arm-none-eabi/4.9.3/../../../../arm-none-eabi/lib/armv7-m\libcr_c.a(_deferredlazyseek.o)
                              c:/nxp/lpcxpresso_7.7.2_379/lpcxpresso/tools/bin/../lib/gcc/arm-none-eabi/4.9.3/../../../../arm-none-eabi/lib/armv7-m\libcr_c.a(__fillbuf.o) (_deferredlazyseek)
c:/nxp/lpcxpresso_7.7.2_379/lpcxpresso/tools/bin/../lib/gcc/arm-none-eabi/4.9.3/../../../../arm-none-eabi/lib/armv7-m\libcr_c.a(_fdopen.o)
                              c:/nxp/lpcxpresso_7.7.2_379/lpcxpresso/tools/bin/../lib/gcc/arm-none-eabi/4.9.3/../../../../arm-none-eabi/lib/armv7-m\libcr_c.a(initio.o) (_fdopen)
c:/nxp/lpcxpresso_7.7.2_379/lpcxpresso/tools/bin/../lib/gcc/arm-none-eabi/4.9.3/../../../../arm-none-eabi/lib/armv7-m\libcr_c.a(_fflush.o)
                              c:/nxp/lpcxpresso_7.7.2_379/lpcxpresso/tools/bin/../lib/gcc/arm-none-eabi/4.9.3/../../../../arm-none-eabi/lib/armv7-m\libcr_c.a(__fillbuf.o) (_fflush)
c:/nxp/lpcxpresso_7.7.2_379/lpcxpresso/tools/bin/../lib/gcc/arm-none-eabi/4.9.3/../../../../arm-none-eabi/lib/armv7-m\libcr_c.a(_frexpl.o)
                              c:/nxp/lpcxpresso_7.7.2_379/lpcxpresso/tools/bin/../lib/gcc/arm-none-eabi/4.9.3/../../../../arm-none-eabi/lib/armv7-m\libcr_c.a(scanf.o) (_frexpl)
c:/nxp/lpcxpresso_7.7.2_379/lpcxpresso/tools/bin/../lib/gcc/arm-none-eabi/4.9.3/../../../../arm-none-eabi/lib/armv7-m\libcr_c.a(_hugeval.o)
                              c:/nxp/lpcxpresso_7.7.2_379/lpcxpresso/tools/bin/../lib/gcc/arm-none-eabi/4.9.3/../../../../arm-none-eabi/lib/armv7-m\libcr_c.a(scanf.o) (__huge_vall)
c:/nxp/lpcxpresso_7.7.2_379/lpcxpresso/tools/bin/../lib/gcc/arm-none-eabi/4.9.3/../../../../arm-none-eabi/lib/armv7-m\libcr_c.a(_ldexpl.o)
[...]
Memory Configuration

Name             Origin             Length             Attributes
MFlash512        0x00000000         0x00080000         xr
RamLoc32         0x10000000         0x00008000         xrw
RamAHB32         0x2007c000         0x00008000         xrw
*default*        0x00000000         0xffffffff

Linker script and memory map

LOAD ./src/Primitivas/PR_7Seg_Expansion3.o
LOAD ./src/Primitivas/PR_7seg.o
LOAD ./src/Primitivas/PR_EntradaDigital.o
LOAD ./src/Primitivas/PR_LCD.o
LOAD ./src/Primitivas/PR_Pwm.o
LOAD ./src/Primitivas/PR_Rgb.o
LOAD ./src/Primitivas/PR_Sensores.o
LOAD ./src/Primitivas/PR_Teclado.o
LOAD ./src/Primitivas/PR_Teclado_Expansion3.o
LOAD ./src/Primitivas/PR_Temperatura.o
LOAD ./src/Primitivas/PR_Timer.o
LOAD ./src/Drivers_LPC1769/DR_Adc.o
LOAD ./src/Drivers_LPC1769/DR_EINT.o
LOAD ./src/Drivers_LPC1769/DR_PLL.o
LOAD ./src/Drivers_LPC1769/DR_Pwm.o
LOAD ./src/Drivers_LPC1769/DR_RTC.o
LOAD ./src/Drivers_LPC1769/DR_SysTick.o
LOAD ./src/Drivers_LPC1769/DR_Timer.o
LOAD ./src/Drivers_LPC1769/DR_gpio.o
LOAD ./src/Drivers_LPC1769/DR_pinsel.o
LOAD ./src/Drivers_LPC1769/DR_uart.o
LOAD ./src/Drivers_Infotronic/DR_7Seg_Expansion3.o
LOAD ./src/Drivers_Infotronic/DR_Antirebote_Digital.o
LOAD ./src/Drivers_Infotronic/DR_EntradaDigital.o
LOAD ./src/Drivers_Infotronic/DR_LCD.o
LOAD ./src/Drivers_Infotronic/DR_Rgb.o
LOAD ./src/Drivers_Infotronic/DR_Segmento.o
LOAD ./src/Drivers_Infotronic/DR_Teclado.o
LOAD ./src/Drivers_Infotronic/DR_Teclado_Expansion3.o
LOAD ./src/Aplicacion/Infotronic_garage.o
LOAD ./src/Aplicacion/Inicializacion.o
LOAD ./src/Aplicacion/maquina_estados.o
LOAD ./src/cr_startup_lpc175x_6x.o
LOAD ./src/crp.o
START GROUP
LOAD c:/nxp/lpcxpresso_7.7.2_379/lpcxpresso/tools/bin/../lib/gcc/arm-none-eabi/4.9.3/../../../../arm-none-eabi/lib/armv7-m\libcr_semihost.a
LOAD c:/nxp/lpcxpresso_7.7.2_379/lpcxpresso/tools/bin/../lib/gcc/arm-none-eabi/4.9.3/../../../../arm-none-eabi/lib/armv7-m\libcr_c.a
LOAD c:/nxp/lpcxpresso_7.7.2_379/lpcxpresso/tools/bin/../lib/gcc/arm-none-eabi/4.9.3/armv7-m\libcr_eabihelpers.a
END GROUP
                0x00080000                __top_MFlash512 = 0x80000
                0x10008000                __top_RamLoc32 = 0x10008000
                0x20084000                __top_RamAHB32 = 0x20084000

.text           0x00000000     0x371c
 FILL mask 0xff
                0x00000000                __vectors_start__ = ABSOLUTE (.)
 *(.isr_vector)
 .isr_vector    0x00000000       0xcc ./src/cr_startup_lpc175x_6x.o
                0x00000000                g_pfnVectors
                0x000000cc                . = ALIGN (0x4)
                0x000000cc                __section_table_start = .
                0x000000cc                __data_section_table = .
                0x000000cc        0x4 LONG 0x371c LOADADDR (.data)
                0x000000d0        0x4 LONG 0x10000000 ADDR (.data)
                0x000000d4        0x4 LONG 0x10 SIZEOF (.data)
                0x000000d8        0x4 LONG 0x371c LOADADDR (.data_RAM2)
                0x000000dc        0x4 LONG 0x2007c000 ADDR (.data_RAM2)
                0x000000e0        0x4 LONG 0x0 SIZEOF (.data_RAM2)
                0x000000e4                __data_section_table_end = .
                0x000000e4                __bss_section_table = .
                0x000000e4        0x4 LONG 0x10000010 ADDR (.bss)
                0x000000e8        0x4 LONG 0x2f4 SIZEOF (.bss)
                0x000000ec        0x4 LONG 0x2007c000 ADDR (.bss_RAM2)
                0x000000f0        0x4 LONG 0x0 SIZEOF (.bss_RAM2)
                0x000000f4                __bss_section_table_end = .
                0x000000f4                __section_table_end = .
 *(.after_vectors*)
 .after_vectors
                0x000000f4      0x140 ./src/cr_startup_lpc175x_6x.o
                0x000000f4                data_init
                0x00000138                bss_init
                0x00000170                ResetISR
                0x000001e4                NMI_Handler
                0x000001ec                HardFault_Handler
                0x000001f4                MemManage_Handler
                0x000001fc                BusFault_Handler
                0x00000204                UsageFault_Handler
                0x0000020c                SVC_Handler
                0x00000214                DebugMon_Handler
                0x0000021c                PendSV_Handler
                0x0000022c                EINT3_IRQHandler
                0x0000022c                CANActivity_IRQHandler
                0x0000022c                TIMER3_IRQHandler
                0x0000022c                USBActivity_IRQHandler
                0x0000022c                UART1_IRQHandler
                0x0000022c                IntDefaultHandler
                0x0000022c                PLL0_IRQHandler
                0x0000022c                I2C0_IRQHandler
                0x0000022c                PLL1_IRQHandler
                0x0000022c                SSP0_IRQHandler
                0x0000022c                EINT2_IRQHandler
                0x0000022c                I2C2_IRQHandler
                0x0000022c                TIMER0_IRQHandler
                0x0000022c                SPI_IRQHandler
                0x0000022c                RIT_IRQHandler
                0x0000022c                EINT1_IRQHandler
                0x0000022c                TIMER1_IRQHandler
                0x0000022c                UART2_IRQHandler
                0x0000022c                SSP1_IRQHandler
                0x0000022c                USB_IRQHandler
                0x0000022c                BOD_IRQHandler
                0x0000022c                I2C1_IRQHandler
                0x0000022c                WDT_IRQHandler
                0x0000022c                I2S_IRQHandler
                0x0000022c                QEI_IRQHandler
                0x0000022c                CAN_IRQHandler
                0x0000022c                DMA_IRQHandler
                0x0000022c                TIMER2_IRQHandler
                0x0000022c                UART3_IRQHandler
                0x0000022c                MCPWM_IRQHandler
                0x0000022c                ENET_IRQHandler
 *(.text*)
 .text.Display_Expansion3
                0x00000234       0xbc ./src/Primitivas/PR_7Seg_Expansion3.o
                0x00000234                Display_Expansion3
 .text.GetKey_Debounce_Digital
                0x000002f0       0x20 ./src/Primitivas/PR_EntradaDigital.o
                0x000002f0                GetKey_Debounce_Digital
 .text.GetDemoraCartel
                0x00000310       0x18 ./src/Primitivas/PR_LCD.o
                0x00000310                GetDemoraCartel
 .text.SetDemoraCartel
                0x00000328       0x1c ./src/Primitivas/PR_LCD.o
                0x00000328                SetDemoraCartel
 .text.SetHora  0x00000344       0x94 ./src/Primitivas/PR_LCD.o
                0x00000344                SetHora
 .text.SetFecha
                0x000003d8       0x94 ./src/Primitivas/PR_LCD.o
                0x000003d8                SetFecha
 .text.SetFechaHora
                0x0000046c       0x34 ./src/Primitivas/PR_LCD.o
                0x0000046c                SetFechaHora
 .text.ShowHoraFecha
                0x000004a0       0x3c ./src/Primitivas/PR_LCD.o
                0x000004a0                ShowHoraFecha
 .text.ConversionhoraFecha
                0x000004dc      0x14c ./src/Primitivas/PR_LCD.o
                0x000004dc                ConversionhoraFecha
 .text.ActualizaHora
                0x00000628       0x7c ./src/Primitivas/PR_LCD.o
                0x00000628                ActualizaHora
 .text.ActualizaFecha
                0x000006a4      0x22c ./src/Primitivas/PR_LCD.o
                0x000006a4                ActualizaFecha
 .text.PushServo
                0x000008d0       0x68 ./src/Primitivas/PR_Pwm.o
                0x000008d0                PushServo
 .text.GetKey_Debounce
                0x00000938       0x20 ./src/Primitivas/PR_Teclado.o
                0x00000938                GetKey_Debounce
 .text.GetKey_Debounce_Sensores
                0x00000958       0x20 ./src/Primitivas/PR_Teclado.o
                0x00000958                GetKey_Debounce_Sensores
 .text.Get_Teclado_Matricial
                0x00000978       0x34 ./src/Primitivas/PR_Teclado_Expansion3.o
                0x00000978                Get_Teclado_Matricial
 .text.EstadiaCheck
                0x000009ac      0x108 ./src/Primitivas/PR_Timer.o
                0x000009ac                EstadiaCheck
 .text.SetEstadia
                0x00000ab4       0x60 ./src/Primitivas/PR_Timer.o
                0x00000ab4                SetEstadia
 .text.ADC_IRQHandler
                0x00000b14       0x54 ./src/Drivers_LPC1769/DR_Adc.o
                0x00000b14                ADC_IRQHandler
 .text.EINT0_IRQHandler
                0x00000b68       0x1c ./src/Drivers_LPC1769/DR_EINT.o
                0x00000b68                EINT0_IRQHandler
 .text.InitPLL  0x00000b84      0x140 ./src/Drivers_LPC1769/DR_PLL.o
                0x00000b84                InitPLL
 .text.InicializarPWM
                0x00000cc4      0x12c ./src/Drivers_LPC1769/DR_Pwm.o
                0x00000cc4                InicializarPWM
 .text.PWM1_IRQHandler
                0x00000df0       0x58 ./src/Drivers_LPC1769/DR_Pwm.o
                0x00000df0                PWM1_IRQHandler
 .text.PopServo
                0x00000e48       0x44 ./src/Drivers_LPC1769/DR_Pwm.o
                0x00000e48                PopServo
 .text.Inic_RTC
                0x00000e8c       0x40 ./src/Drivers_LPC1769/DR_RTC.o
                0x00000e8c                Inic_RTC
 .text.RTC_HabilitaInterrupcion
                0x00000ecc       0x44 ./src/Drivers_LPC1769/DR_RTC.o
                0x00000ecc                RTC_HabilitaInterrupcion
 .text.RTC_IRQHandler
                0x00000f10       0x28 ./src/Drivers_LPC1769/DR_RTC.o
                0x00000f10                RTC_IRQHandler
 .text.SysTickInit
                0x00000f38       0x40 ./src/Drivers_LPC1769/DR_SysTick.o
                0x00000f38                SysTickInit
 .text.SysTick_Handler
                0x00000f78       0x80 ./src/Drivers_LPC1769/DR_SysTick.o
                0x00000f78                SysTick_Handler
 .text.SetDIR   0x00000ff8       0x74 ./src/Drivers_LPC1769/DR_gpio.o
                0x00000ff8                SetDIR
 .text.SetPIN   0x0000106c       0x78 ./src/Drivers_LPC1769/DR_gpio.o
                0x0000106c                SetPIN
 .text.SetMODE  0x000010e4       0x9c ./src/Drivers_LPC1769/DR_gpio.o
                0x000010e4                SetMODE
 .text.GetPIN   0x00001180       0x58 ./src/Drivers_LPC1769/DR_gpio.o
                0x00001180                GetPIN
 .text.SetMODE_OD
                0x000011d8       0x60 ./src/Drivers_LPC1769/DR_gpio.o
                0x000011d8                SetMODE_OD
 .text.SetPINSEL
                0x00001238       0x88 ./src/Drivers_LPC1769/DR_pinsel.o
                0x00001238                SetPINSEL
 .text.UART0_IRQHandler
                0x000012c0       0x78 ./src/Drivers_LPC1769/DR_uart.o
                0x000012c0                UART0_IRQHandler
 .text.UART0_Inicializacion
                0x00001338       0x74 ./src/Drivers_LPC1769/DR_uart.o
                0x00001338                UART0_Inicializacion
 .text.Push_RX  0x000013ac       0x58 ./src/Drivers_LPC1769/DR_uart.o
                0x000013ac                Push_RX
 .text.Pop_RX   0x00001404       0x78 ./src/Drivers_LPC1769/DR_uart.o
                0x00001404                Pop_RX
 .text.Push_TX  0x0000147c       0x78 ./src/Drivers_LPC1769/DR_uart.o
                0x0000147c                Push_TX
 .text.Pop_TX   0x000014f4       0x78 ./src/Drivers_LPC1769/DR_uart.o
                0x000014f4                Pop_TX
 .text.transmitir
                0x0000156c       0x28 ./src/Drivers_LPC1769/DR_uart.o
                0x0000156c                transmitir
 .text.Desentramado_Entrada_2
                0x00001594      0x228 ./src/Drivers_LPC1769/DR_uart.o
                0x00001594                Desentramado_Entrada_2
 .text.BarridoDisplay_Expansion3
                0x000017bc      0x100 ./src/Drivers_Infotronic/DR_7Seg_Expansion3.o
                0x000017bc                BarridoDisplay_Expansion3
 .text.debounce
                0x000018bc      0x11c ./src/Drivers_Infotronic/DR_Antirebote_Digital.o
                0x000018bc                debounce
 .text.Inicializacion_EntradasDigitales
                0x000019d8       0x44 ./src/Drivers_Infotronic/DR_EntradaDigital.o
                0x000019d8                Inicializacion_EntradasDigitales
 .text.debounce_EntradaDigital
                0x00001a1c       0xd4 ./src/Drivers_Infotronic/DR_EntradaDigital.o
                0x00001a1c                debounce_EntradaDigital
 .text.LCDDelay
                0x00001af0       0x28 ./src/Drivers_Infotronic/DR_LCD.o
                0x00001af0                LCDDelay
 .text.LatchLcd
                0x00001b18       0x20 ./src/Drivers_Infotronic/DR_LCD.o
                0x00001b18                LatchLcd
 .text.Display_lcd
                0x00001b38       0x58 ./src/Drivers_Infotronic/DR_LCD.o
                0x00001b38                Display_lcd
 .text.Inic_PinesLCD
                0x00001b90       0xf8 ./src/Drivers_Infotronic/DR_LCD.o
                0x00001b90                Inic_PinesLCD
 .text.WComando8
                0x00001c88       0xc8 ./src/Drivers_Infotronic/DR_LCD.o
                0x00001c88                WComando8
 .text.WComando4
                0x00001d50       0x70 ./src/Drivers_Infotronic/DR_LCD.o
                0x00001d50                WComando4
 .text.WDato    0x00001dc0       0xc8 ./src/Drivers_Infotronic/DR_LCD.o
                0x00001dc0                WDato
 .text.Inic_LCD
                0x00001e88       0x7c ./src/Drivers_Infotronic/DR_LCD.o
                0x00001e88                Inic_LCD
 .text.InicializarTeclado
                0x00001f04       0x9c ./src/Drivers_Infotronic/DR_Teclado.o
                0x00001f04                InicializarTeclado
 .text.DriverTeclado_Expansion3
                0x00001fa0       0x1c ./src/Drivers_Infotronic/DR_Teclado_Expansion3.o
                0x00001fa0                DriverTeclado_Expansion3
 .text.DriverTecladoSW_Expansion3
                0x00001fbc       0x98 ./src/Drivers_Infotronic/DR_Teclado_Expansion3.o
                0x00001fbc                DriverTecladoSW_Expansion3
 .text.DriverTecladoHW_Expansion3
                0x00002054      0x190 ./src/Drivers_Infotronic/DR_Teclado_Expansion3.o
                0x00002054                DriverTecladoHW_Expansion3
 .text.Inic_Expansion3
                0x000021e4      0x10c ./src/Drivers_Infotronic/DR_Teclado_Expansion3.o
                0x000021e4                Inic_Expansion3
 .text.main     0x000022f0       0x38 ./src/Aplicacion/Infotronic_garage.o
                0x000022f0                main
 .text.Inicializacion
                0x00002328       0x30 ./src/Aplicacion/Inicializacion.o
                0x00002328                Inicializacion
 .text.Maquina_estados_sensores
                0x00002358      0x1e0 ./src/Aplicacion/maquina_estados.o
                0x00002358                Maquina_estados_sensores
 .text.Maquina_estados_entrada
                0x00002538      0x15c ./src/Aplicacion/maquina_estados.o
                0x00002538                Maquina_estados_entrada
 .text.GetCodigo
                0x00002694       0x3c ./src/Aplicacion/maquina_estados.o
                0x00002694                GetCodigo
 .text.timerON  0x000026d0       0x28 ./src/Aplicacion/maquina_estados.o
                0x000026d0                timerON
 .text.timerOFF
                0x000026f8       0x34 ./src/Aplicacion/maquina_estados.o
                0x000026f8                timerOFF
 .text.Inhabilitar
                0x0000272c       0x54 ./src/Aplicacion/maquina_estados.o
                0x0000272c                Inhabilitar
 .text.abrirbarrera
                0x00002780        0xc ./src/Aplicacion/maquina_estados.o
                0x00002780                abrirbarrera
 .text.cerrarbarrera
                0x0000278c        0xc ./src/Aplicacion/maquina_estados.o
                0x0000278c                cerrarbarrera
 .text.entrocodigo
                0x00002798       0x38 ./src/Aplicacion/maquina_estados.o
                0x00002798                entrocodigo
 .text.Maquina_Estacionamiento
                0x000027d0       0x2c ./src/Aplicacion/maquina_estados.o
                0x000027d0                Maquina_Estacionamiento
 .text.Maquina_Estacionamiento_Digital
                0x000027fc       0xac ./src/Aplicacion/maquina_estados.o
                0x000027fc                Maquina_Estacionamiento_Digital
 .text.Maquina_SetHora
                0x000028a8      0x16c ./src/Aplicacion/maquina_estados.o
                0x000028a8                Maquina_SetHora
 .text.Maquina_SetFecha
                0x00002a14      0x16c ./src/Aplicacion/maquina_estados.o
                0x00002a14                Maquina_SetFecha
 .text.__main   0x00002b80       0x14 c:/nxp/lpcxpresso_7.7.2_379/lpcxpresso/tools/bin/../lib/gcc/arm-none-eabi/4.9.3/../../../../arm-none-eabi/lib/armv7-m\libcr_semihost.a(_cr__main.o)
                0x00002b80                __CR_SEMIHOST
                0x00002b80                __main
 .text._initio  0x00002b94       0xa4 c:/nxp/lpcxpresso_7.7.2_379/lpcxpresso/tools/bin/../lib/gcc/arm-none-eabi/4.9.3/../../../../arm-none-eabi/lib/armv7-m\libcr_c.a(initio.o)
                0x00002b94                _initio
 .text.itoa     0x00002c38       0x5c c:/nxp/lpcxpresso_7.7.2_379/lpcxpresso/tools/bin/../lib/gcc/arm-none-eabi/4.9.3/../../../../arm-none-eabi/lib/armv7-m\libcr_c.a(itoa.o)
                0x00002c38                itoa
 .text.ch_val   0x00002c94       0x30 c:/nxp/lpcxpresso_7.7.2_379/lpcxpresso/tools/bin/../lib/gcc/arm-none-eabi/4.9.3/../../../../arm-none-eabi/lib/armv7-m\libcr_c.a(scanf.o)
 .text._strtoul
                0x00002cc4       0xbc c:/nxp/lpcxpresso_7.7.2_379/lpcxpresso/tools/bin/../lib/gcc/arm-none-eabi/4.9.3/../../../../arm-none-eabi/lib/armv7-m\libcr_c.a(scanf.o)
 .text.strtol   0x00002d80       0x78 c:/nxp/lpcxpresso_7.7.2_379/lpcxpresso/tools/bin/../lib/gcc/arm-none-eabi/4.9.3/../../../../arm-none-eabi/lib/armv7-m\libcr_c.a(scanf.o)
                0x00002d80                strtol
 .text.atoi     0x00002df8       0x18 c:/nxp/lpcxpresso_7.7.2_379/lpcxpresso/tools/bin/../lib/gcc/arm-none-eabi/4.9.3/../../../../arm-none-eabi/lib/armv7-m\libcr_c.a(scanf.o)
                0x00002df8                atoi
 .text.setvbuf  0x00002e10       0x40 c:/nxp/lpcxpresso_7.7.2_379/lpcxpresso/tools/bin/../lib/gcc/arm-none-eabi/4.9.3/../../../../arm-none-eabi/lib/armv7-m\libcr_c.a(setvbuf.o)
                0x00002e10                setvbuf
 .text.strcpy   0x00002e50       0x42 c:/nxp/lpcxpresso_7.7.2_379/lpcxpresso/tools/bin/../lib/gcc/arm-none-eabi/4.9.3/../../../../arm-none-eabi/lib/armv7-m\libcr_c.a(strcpy.o)
                0x00002e50                strcpy
 .text.strlen   0x00002e92       0x4a c:/nxp/lpcxpresso_7.7.2_379/lpcxpresso/tools/bin/../lib/gcc/arm-none-eabi/4.9.3/../../../../arm-none-eabi/lib/armv7-m\libcr_c.a(strlen.o)
                0x00002e92                strlen
 .text.memset   0x00002edc        0x4 c:/nxp/lpcxpresso_7.7.2_379/lpcxpresso/tools/bin/../lib/gcc/arm-none-eabi/4.9.3/../../../../arm-none-eabi/lib/armv7-m\libcr_c.a(memset.o)
                0x00002edc                memset
 .text._deferredlazyseek
                0x00002ee0       0x44 c:/nxp/lpcxpresso_7.7.2_379/lpcxpresso/tools/bin/../lib/gcc/arm-none-eabi/4.9.3/../../../../arm-none-eabi/lib/armv7-m\libcr_c.a(_deferredlazyseek.o)
                0x00002ee0                _deferredlazyseek
 .text._fdopen  0x00002f24       0x6a c:/nxp/lpcxpresso_7.7.2_379/lpcxpresso/tools/bin/../lib/gcc/arm-none-eabi/4.9.3/../../../../arm-none-eabi/lib/armv7-m\libcr_c.a(_fdopen.o)
                0x00002f24                _fdopen
 .text._fflush  0x00002f8e       0x58 c:/nxp/lpcxpresso_7.7.2_379/lpcxpresso/tools/bin/../lib/gcc/arm-none-eabi/4.9.3/../../../../arm-none-eabi/lib/armv7-m\libcr_c.a(_fflush.o)
                0x00002f8e                _fflush
 *fill*         0x00002fe6        0x2 
 .text._Cwritebuf
                0x00002fe8       0x70 c:/nxp/lpcxpresso_7.7.2_379/lpcxpresso/tools/bin/../lib/gcc/arm-none-eabi/4.9.3/../../../../arm-none-eabi/lib/armv7-m\libcr_c.a(_writebuf.o)
                0x00002fe8                _Cwritebuf
 .text.malloc   0x00003058       0xcc c:/nxp/lpcxpresso_7.7.2_379/lpcxpresso/tools/bin/../lib/gcc/arm-none-eabi/4.9.3/../../../../arm-none-eabi/lib/armv7-m\libcr_c.a(alloc.o)
                0x00003058                malloc
 .text.free     0x00003124       0x30 c:/nxp/lpcxpresso_7.7.2_379/lpcxpresso/tools/bin/../lib/gcc/arm-none-eabi/4.9.3/../../../../arm-none-eabi/lib/armv7-m\libcr_c.a(alloc.o)
                0x00003124                free
 .text._Csys_alloc
                0x00003154       0x20 c:/nxp/lpcxpresso_7.7.2_379/lpcxpresso/tools/bin/../lib/gcc/arm-none-eabi/4.9.3/../../../../arm-none-eabi/lib/armv7-m\libcr_c.a(alloc.o)
                0x00003154                _Csys_alloc
 .text.fclose   0x00003174       0x6c c:/nxp/lpcxpresso_7.7.2_379/lpcxpresso/tools/bin/../lib/gcc/arm-none-eabi/4.9.3/../../../../arm-none-eabi/lib/armv7-m\libcr_c.a(fclose.o)
                0x00003174                fclose
 .text.fflush   0x000031e0       0x30 c:/nxp/lpcxpresso_7.7.2_379/lpcxpresso/tools/bin/../lib/gcc/arm-none-eabi/4.9.3/../../../../arm-none-eabi/lib/armv7-m\libcr_c.a(fflush.o)
                0x000031e0                fflush
 .text.fseek    0x00003210      0x110 c:/nxp/lpcxpresso_7.7.2_379/lpcxpresso/tools/bin/../lib/gcc/arm-none-eabi/4.9.3/../../../../arm-none-eabi/lib/armv7-m\libcr_c.a(fseek.o)
                0x00003210                fseek
 .text.ftell    0x00003320       0x4c c:/nxp/lpcxpresso_7.7.2_379/lpcxpresso/tools/bin/../lib/gcc/arm-none-eabi/4.9.3/../../../../arm-none-eabi/lib/armv7-m\libcr_c.a(ftell.o)
                0x00003320                ftell
 .text.remove   0x0000336c       0x14 c:/nxp/lpcxpresso_7.7.2_379/lpcxpresso/tools/bin/../lib/gcc/arm-none-eabi/4.9.3/../../../../arm-none-eabi/lib/armv7-m\libcr_c.a(remove.o)
                0x0000336c                remove
 .text._sbrk    0x00003380       0x40 c:/nxp/lpcxpresso_7.7.2_379/lpcxpresso/tools/bin/../lib/gcc/arm-none-eabi/4.9.3/../../../../arm-none-eabi/lib/armv7-m\libcr_c.a(_cr_sbrk.o)
                0x00003380                _sbrk
 .text._do_fflush
                0x000033c0       0x44 c:/nxp/lpcxpresso_7.7.2_379/lpcxpresso/tools/bin/../lib/gcc/arm-none-eabi/4.9.3/../../../../arm-none-eabi/lib/armv7-m\libcr_c.a(_do_fflush.o)
                0x000033c0                _do_fflush
 .text.__check_heap_overflow
                0x00003404       0x18 c:/nxp/lpcxpresso_7.7.2_379/lpcxpresso/tools/bin/../lib/gcc/arm-none-eabi/4.9.3/../../../../arm-none-eabi/lib/armv7-m\libcr_c.a(_cr_check_heap.o)
                0x00003404                __check_heap_overflow
 .text.__aeabi_memset_lowlevel
                0x0000341c       0x32 c:/nxp/lpcxpresso_7.7.2_379/lpcxpresso/tools/bin/../lib/gcc/arm-none-eabi/4.9.3/armv7-m\libcr_eabihelpers.a(memcpy.o)
                0x0000341c                __aeabi_lowlevel_memset
 *fill*         0x0000344e        0x2 
 .text.__sys_appexit
                0x00003450        0xc c:/nxp/lpcxpresso_7.7.2_379/lpcxpresso/tools/bin/../lib/gcc/arm-none-eabi/4.9.3/../../../../arm-none-eabi/lib/armv7-m\libcr_semihost.a(__sys_appexit.o)
                0x00003450                __sys_appexit
                0x00003450                __exit
 .text.__sys_close
                0x0000345c        0xc c:/nxp/lpcxpresso_7.7.2_379/lpcxpresso/tools/bin/../lib/gcc/arm-none-eabi/4.9.3/../../../../arm-none-eabi/lib/armv7-m\libcr_semihost.a(__sys_close.o)
                0x0000345c                __sys_close
 .text.__sys_flen
                0x00003468        0xc c:/nxp/lpcxpresso_7.7.2_379/lpcxpresso/tools/bin/../lib/gcc/arm-none-eabi/4.9.3/../../../../arm-none-eabi/lib/armv7-m\libcr_semihost.a(__sys_flen.o)
                0x00003468                __sys_flen
 .text.__sys_istty
                0x00003474        0xc c:/nxp/lpcxpresso_7.7.2_379/lpcxpresso/tools/bin/../lib/gcc/arm-none-eabi/4.9.3/../../../../arm-none-eabi/lib/armv7-m\libcr_semihost.a(__sys_istty.o)
                0x00003474                __sys_istty
 .text.__sys_remove
                0x00003480        0xc c:/nxp/lpcxpresso_7.7.2_379/lpcxpresso/tools/bin/../lib/gcc/arm-none-eabi/4.9.3/../../../../arm-none-eabi/lib/armv7-m\libcr_semihost.a(__sys_remove.o)
                0x00003480                __sys_remove
 .text.__sys_seek
                0x0000348c        0xc c:/nxp/lpcxpresso_7.7.2_379/lpcxpresso/tools/bin/../lib/gcc/arm-none-eabi/4.9.3/../../../../arm-none-eabi/lib/armv7-m\libcr_semihost.a(__sys_seek.o)
                0x0000348c                __sys_seek
 .text.__sys_tmpnam
                0x00003498        0xc c:/nxp/lpcxpresso_7.7.2_379/lpcxpresso/tools/bin/../lib/gcc/arm-none-eabi/4.9.3/../../../../arm-none-eabi/lib/armv7-m\libcr_semihost.a(__sys_tmpnam.o)
                0x00003498                __sys_tmpnam
 .text.__sys_write
                0x000034a4        0xc c:/nxp/lpcxpresso_7.7.2_379/lpcxpresso/tools/bin/../lib/gcc/arm-none-eabi/4.9.3/../../../../arm-none-eabi/lib/armv7-m\libcr_semihost.a(__sys_write.o)
                0x000034a4                __sys_write
                0x000034a4                __write
 *(.rodata .rodata.* .constdata .constdata.*)
 .rodata        0x000034b0        0xc ./src/Drivers_LPC1769/DR_uart.o
 .rodata        0x000034bc        0x4 ./src/Aplicacion/Infotronic_garage.o
 .rodata        0x000034c0       0xac ./src/Aplicacion/maquina_estados.o
 .rodata.str1.1
                0x0000356c        0x4 c:/nxp/lpcxpresso_7.7.2_379/lpcxpresso/tools/bin/../lib/gcc/arm-none-eabi/4.9.3/../../../../arm-none-eabi/lib/armv7-m\libcr_c.a(initio.o)
 .rodata.digits
                0x00003570       0x11 c:/nxp/lpcxpresso_7.7.2_379/lpcxpresso/tools/bin/../lib/gcc/arm-none-eabi/4.9.3/../../../../arm-none-eabi/lib/armv7-m\libcr_c.a(itoa.o)
 .rodata.str1.1
                0x00003581       0x18 c:/nxp/lpcxpresso_7.7.2_379/lpcxpresso/tools/bin/../lib/gcc/arm-none-eabi/4.9.3/../../../../arm-none-eabi/lib/armv7-m\libcr_c.a(alloc.o)
 .rodata.__ctype
                0x00003599      0x180 c:/nxp/lpcxpresso_7.7.2_379/lpcxpresso/tools/bin/../lib/gcc/arm-none-eabi/4.9.3/../../../../arm-none-eabi/lib/armv7-m\libcr_c.a(ctype.o)
                0x00003599                __ctype
                0x0000371c                . = ALIGN (0x4)
 *fill*         0x00003719        0x3 ff

.glue_7         0x0000371c        0x0
 .glue_7        0x00000000        0x0 linker stubs

.glue_7t        0x0000371c        0x0
 .glue_7t       0x00000000        0x0 linker stubs

.vfp11_veneer   0x0000371c        0x0
 .vfp11_veneer  0x00000000        0x0 linker stubs

.v4_bx          0x0000371c        0x0
 .v4_bx         0x00000000        0x0 linker stubs

.iplt           0x0000371c        0x0
 .iplt          0x00000000        0x0 ./src/Primitivas/PR_7Seg_Expansion3.o

.rel.dyn        0x0000371c        0x0
 .rel.iplt      0x00000000        0x0 ./src/Primitivas/PR_7Seg_Expansion3.o

.ARM.extab
 *(.ARM.extab* .gnu.linkonce.armextab.*)
                0x0000371c                __exidx_start = .

.ARM.exidx
 *(.ARM.exidx* .gnu.linkonce.armexidx.*)
                0x0000371c                __exidx_end = .
                0x0000371c                _etext = .

.data_RAM2      0x2007c000        0x0 load address 0x0000371c
 FILL mask 0xff
                0x2007c000                PROVIDE (__start_data_RAM2, .)
 *(.ramfunc.$RAM2)
 *(.ramfunc.$RamAHB32)
 *(.data.$RAM2*)
 *(.data.$RamAHB32*)
                0x2007c000                . = ALIGN (0x4)
                0x2007c000                PROVIDE (__end_data_RAM2, .)

.uninit_RESERVED
                0x10000000        0x0
 *(.bss.$RESERVED*)
                0x10000000                . = ALIGN (0x4)
                0x10000000                _end_uninit_RESERVED = .

.data           0x10000000       0x10 load address 0x0000371c
 FILL mask 0xff
                0x10000000                _data = .
 *(vtable)
 *(.ramfunc*)
 *(.data*)
 .data.contadorseg
                0x10000000        0x2 ./src/Primitivas/PR_Timer.o
                0x10000000                contadorseg
 *fill*         0x10000002        0x2 
 .data.Ultima_conver.3679
                0x10000004        0x4 ./src/Drivers_LPC1769/DR_Adc.o
 .data.aux.5067
                0x10000008        0x2 ./src/Drivers_LPC1769/DR_uart.o
 .data.key_Expansion3
                0x1000000a        0x1 ./src/Drivers_Infotronic/DR_Teclado_Expansion3.o
                0x1000000a                key_Expansion3
 .data.CodigoAnterior.4363
                0x1000000b        0x1 ./src/Drivers_Infotronic/DR_Teclado_Expansion3.o
 .data.estados.5022
                0x1000000c        0x1 ./src/Aplicacion/maquina_estados.o
 .data.estado.5052
                0x1000000d        0x1 ./src/Aplicacion/maquina_estados.o
 .data.FlagAntiBloqueo2.5057
                0x1000000e        0x1 ./src/Aplicacion/maquina_estados.o
                0x10000010                . = ALIGN (0x4)
 *fill*         0x1000000f        0x1 ff
                0x10000010                _edata = .

.igot.plt       0x10000010        0x0 load address 0x0000372c
 .igot.plt      0x00000000        0x0 ./src/Primitivas/PR_7Seg_Expansion3.o

.bss_RAM2       0x2007c000        0x0
                0x2007c000                PROVIDE (__start_bss_RAM2, .)
 *(.bss.$RAM2*)
 *(.bss.$RamAHB32*)
                0x2007c000                . = ALIGN (0x4)
                0x2007c000                PROVIDE (__end_bss_RAM2, .)

.bss            0x10000010      0x2f4
                0x10000010                _bss = .
 *(.bss*)
 .bss.DemoraCartel
                0x10000010        0x4 ./src/Primitivas/PR_LCD.o
                0x10000010                DemoraCartel
 .bss.dia_tick  0x10000014        0x1 ./src/Primitivas/PR_LCD.o
                0x10000014                dia_tick
 *fill*         0x10000015        0x3 
 .bss.contadormin
                0x10000018       0x10 ./src/Primitivas/PR_Timer.o
                0x10000018                contadormin
 .bss.contadorhs
                0x10000028       0x10 ./src/Primitivas/PR_Timer.o
                0x10000028                contadorhs
 .bss.contadordias
                0x10000038       0x10 ./src/Primitivas/PR_Timer.o
                0x10000038                contadordias
 .bss.Buff_PWM  0x10000048        0x8 ./src/Drivers_LPC1769/DR_Pwm.o
                0x10000048                Buff_PWM
 .bss.f_tick_rtc
                0x10000050        0x4 ./src/Drivers_LPC1769/DR_RTC.o
                0x10000050                f_tick_rtc
 .bss.vector_flag
                0x10000054        0x8 ./src/Drivers_LPC1769/DR_SysTick.o
                0x10000054                vector_flag
 .bss.vector_estadia
                0x1000005c       0x10 ./src/Drivers_LPC1769/DR_SysTick.o
                0x1000005c                vector_estadia
 .bss.a.5030    0x1000006c        0x1 ./src/Drivers_LPC1769/DR_SysTick.o
 .bss.inx_TX_out
                0x1000006d        0x1 ./src/Drivers_LPC1769/DR_uart.o
                0x1000006d                inx_TX_out
 .bss.inx_TX_in
                0x1000006e        0x1 ./src/Drivers_LPC1769/DR_uart.o
                0x1000006e                inx_TX_in
 .bss.inx_RX_out
                0x1000006f        0x1 ./src/Drivers_LPC1769/DR_uart.o
                0x1000006f                inx_RX_out
 .bss.inx_RX_in
                0x10000070        0x1 ./src/Drivers_LPC1769/DR_uart.o
                0x10000070                inx_RX_in
 .bss.fEnviando
                0x10000071        0x1 ./src/Drivers_LPC1769/DR_uart.o
                0x10000071                fEnviando
 .bss.estado.5064
                0x10000072        0x1 ./src/Drivers_LPC1769/DR_uart.o
 .bss.estado_hora.5065
                0x10000073        0x1 ./src/Drivers_LPC1769/DR_uart.o
 .bss.estado_fecha.5066
                0x10000074        0x1 ./src/Drivers_LPC1769/DR_uart.o
 *fill*         0x10000075        0x3 
 .bss.digito.4329
                0x10000078        0x4 ./src/Drivers_Infotronic/DR_7Seg_Expansion3.o
 .bss.ContEstados.3697
                0x1000007c        0x8 ./src/Drivers_Infotronic/DR_Antirebote_Digital.o
 .bss.ContEstados.4339
                0x10000084        0x4 ./src/Drivers_Infotronic/DR_EntradaDigital.o
 .bss.EstadosEstables.4364
                0x10000088        0x1 ./src/Drivers_Infotronic/DR_Teclado_Expansion3.o
 *fill*         0x10000089        0x3 
 .bss.autos     0x1000008c        0x4 ./src/Aplicacion/maquina_estados.o
                0x1000008c                autos
 .bss.teclas.5024
                0x10000090        0x1 ./src/Aplicacion/maquina_estados.o
 .bss.sentido.5023
                0x10000091        0x1 ./src/Aplicacion/maquina_estados.o
 .bss.FlagAntiBloqueo.5056
                0x10000092        0x1 ./src/Aplicacion/maquina_estados.o
 .bss.aux.5055  0x10000093        0x1 ./src/Aplicacion/maquina_estados.o
 .bss.c2.5115   0x10000094        0x4 ./src/Aplicacion/maquina_estados.o
 .bss.flag.5128
                0x10000098        0x4 ./src/Aplicacion/maquina_estados.o
 .bss.flag2.5129
                0x1000009c        0x4 ./src/Aplicacion/maquina_estados.o
 .bss.estado.5134
                0x100000a0        0x1 ./src/Aplicacion/maquina_estados.o
 *fill*         0x100000a1        0x3 
 .bss.hora.5133
                0x100000a4        0xc ./src/Aplicacion/maquina_estados.o
 .bss.estado.5148
                0x100000b0        0x1 ./src/Aplicacion/maquina_estados.o
 *fill*         0x100000b1        0x3 
 .bss.fecha.5147
                0x100000b4        0xc ./src/Aplicacion/maquina_estados.o
 .bss.errno     0x100000c0        0x4 c:/nxp/lpcxpresso_7.7.2_379/lpcxpresso/tools/bin/../lib/gcc/arm-none-eabi/4.9.3/../../../../arm-none-eabi/lib/armv7-m\libcr_c.a(errno.o)
                0x100000c0                errno
 *(COMMON)
 COMMON         0x100000c4        0x6 ./src/Primitivas/PR_7Seg_Expansion3.o
                0x100000c4                Digitos
 *fill*         0x100000ca        0x2 
 COMMON         0x100000cc       0x18 ./src/Primitivas/PR_LCD.o
                0x100000cc                horafecha
 COMMON         0x100000e4        0x4 ./src/Drivers_LPC1769/DR_Adc.o
                0x100000e4                Vlr_Mdd
 COMMON         0x100000e8       0xc8 ./src/Drivers_LPC1769/DR_uart.o
                0x100000e8                bufferRX
                0x1000014c                bufferTX
 COMMON         0x100001b0        0x1 ./src/Drivers_Infotronic/DR_Antirebote_Digital.o
                0x100001b0                Buffer_Debounce
 COMMON         0x100001b1        0x1 ./src/Drivers_Infotronic/DR_EntradaDigital.o
                0x100001b1                Buffer_Debounce_Digital
 *fill*         0x100001b2        0x2 
 COMMON         0x100001b4        0x4 ./src/Drivers_Infotronic/DR_LCD.o
                0x100001b4                DemoraLCD
 COMMON         0x100001b8        0x4 c:/nxp/lpcxpresso_7.7.2_379/lpcxpresso/tools/bin/../lib/gcc/arm-none-eabi/4.9.3/../../../../arm-none-eabi/lib/armv7-m\libcr_c.a(initio.o)
                0x100001b8                _extra
 COMMON         0x100001bc      0x140 c:/nxp/lpcxpresso_7.7.2_379/lpcxpresso/tools/bin/../lib/gcc/arm-none-eabi/4.9.3/../../../../arm-none-eabi/lib/armv7-m\libcr_c.a(stdio.o)
                0x100001bc                __Ciob
 COMMON         0x100002fc        0x8 c:/nxp/lpcxpresso_7.7.2_379/lpcxpresso/tools/bin/../lib/gcc/arm-none-eabi/4.9.3/../../../../arm-none-eabi/lib/armv7-m\libcr_c.a(__init_alloc.o)
                0x100002fc                __heaps
                0x10000300                __end_of_heap
                0x10000304                . = ALIGN (0x4)
                0x10000304                _ebss = .
                0x10000304                PROVIDE (end, .)

.noinit_RAM2    0x2007c000        0x0
 *(.noinit.$RAM2*)
 *(.noinit.$RamAHB32*)
                0x2007c000                . = ALIGN (0x4)

.noinit         0x10000304        0x0
                0x10000304                _noinit = .
 *(.noinit*)
                0x10000304                . = ALIGN (0x4)
                0x10000304                _end_noinit = .
                0x10000304                PROVIDE (_pvHeapStart, DEFINED (__user_heap_base)?__user_heap_base:.)
                0x10008000                PROVIDE (_vStackTop, DEFINED (__user_stack_top)?__user_stack_top:(__top_RamLoc32 - 0x0))
OUTPUT(TPO_v22_0_entrada.axf elf32-littlearm)

.debug_info     0x00000000     0x25f3
 .debug_info    0x00000000       0xf9 ./src/Primitivas/PR_7Seg_Expansion3.o
 .debug_info    0x000000f9       0xae ./src/Primitivas/PR_EntradaDigital.o
 .debug_info    0x000001a7      0x265 ./src/Primitivas/PR_LCD.o
 .debug_info    0x0000040c       0xa9 ./src/Primitivas/PR_Pwm.o
 .debug_info    0x000004b5       0xba ./src/Primitivas/PR_Teclado.o
 .debug_info    0x0000056f       0xa8 ./src/Primitivas/PR_Teclado_Expansion3.o
 .debug_info    0x00000617      0x3bf ./src/Primitivas/PR_Timer.o
 .debug_info    0x000009d6       0xa8 ./src/Drivers_LPC1769/DR_Adc.o
 .debug_info    0x00000a7e       0x81 ./src/Drivers_LPC1769/DR_EINT.o
 .debug_info    0x00000aff       0x70 ./src/Drivers_LPC1769/DR_PLL.o
 .debug_info    0x00000b6f       0xd2 ./src/Drivers_LPC1769/DR_Pwm.o
 .debug_info    0x00000c41       0xd2 ./src/Drivers_LPC1769/DR_RTC.o
 .debug_info    0x00000d13      0x205 ./src/Drivers_LPC1769/DR_SysTick.o
 .debug_info    0x00000f18      0x201 ./src/Drivers_LPC1769/DR_gpio.o
 .debug_info    0x00001119       0xa6 ./src/Drivers_LPC1769/DR_pinsel.o
 .debug_info    0x000011bf      0x43c ./src/Drivers_LPC1769/DR_uart.o
 .debug_info    0x000015fb       0xcc ./src/Drivers_Infotronic/DR_7Seg_Expansion3.o
 .debug_info    0x000016c7       0xc7 ./src/Drivers_Infotronic/DR_Antirebote_Digital.o
 .debug_info    0x0000178e       0xf4 ./src/Drivers_Infotronic/DR_EntradaDigital.o
 .debug_info    0x00001882      0x1bb ./src/Drivers_Infotronic/DR_LCD.o
 .debug_info    0x00001a3d      0x123 ./src/Drivers_Infotronic/DR_Teclado.o
 .debug_info    0x00001b60      0x192 ./src/Drivers_Infotronic/DR_Teclado_Expansion3.o
 .debug_info    0x00001cf2       0x85 ./src/Aplicacion/Infotronic_garage.o
 .debug_info    0x00001d77       0xbd ./src/Aplicacion/Inicializacion.o
 .debug_info    0x00001e34      0x574 ./src/Aplicacion/maquina_estados.o
 .debug_info    0x000023a8      0x24b ./src/cr_startup_lpc175x_6x.o

.debug_abbrev   0x00000000     0x128c
 .debug_abbrev  0x00000000       0x8f ./src/Primitivas/PR_7Seg_Expansion3.o
 .debug_abbrev  0x0000008f       0x76 ./src/Primitivas/PR_EntradaDigital.o
 .debug_abbrev  0x00000105      0x145 ./src/Primitivas/PR_LCD.o
 .debug_abbrev  0x0000024a       0x89 ./src/Primitivas/PR_Pwm.o
 .debug_abbrev  0x000002d3       0x76 ./src/Primitivas/PR_Teclado.o
 .debug_abbrev  0x00000349       0x70 ./src/Primitivas/PR_Teclado_Expansion3.o
 .debug_abbrev  0x000003b9      0x13a ./src/Primitivas/PR_Timer.o
 .debug_abbrev  0x000004f3       0x8c ./src/Drivers_LPC1769/DR_Adc.o
 .debug_abbrev  0x0000057f       0x6a ./src/Drivers_LPC1769/DR_EINT.o
 .debug_abbrev  0x000005e9       0x52 ./src/Drivers_LPC1769/DR_PLL.o
 .debug_abbrev  0x0000063b       0xbd ./src/Drivers_LPC1769/DR_Pwm.o
 .debug_abbrev  0x000006f8       0x8c ./src/Drivers_LPC1769/DR_RTC.o
 .debug_abbrev  0x00000784      0x111 ./src/Drivers_LPC1769/DR_SysTick.o
 .debug_abbrev  0x00000895       0xd4 ./src/Drivers_LPC1769/DR_gpio.o
 .debug_abbrev  0x00000969       0x70 ./src/Drivers_LPC1769/DR_pinsel.o
 .debug_abbrev  0x000009d9      0x14b ./src/Drivers_LPC1769/DR_uart.o
 .debug_abbrev  0x00000b24       0x8f ./src/Drivers_Infotronic/DR_7Seg_Expansion3.o
 .debug_abbrev  0x00000bb3       0x95 ./src/Drivers_Infotronic/DR_Antirebote_Digital.o
 .debug_abbrev  0x00000c48       0xad ./src/Drivers_Infotronic/DR_EntradaDigital.o
 .debug_abbrev  0x00000cf5       0xd4 ./src/Drivers_Infotronic/DR_LCD.o
 .debug_abbrev  0x00000dc9       0xc9 ./src/Drivers_Infotronic/DR_Teclado.o
 .debug_abbrev  0x00000e92       0xec ./src/Drivers_Infotronic/DR_Teclado_Expansion3.o
 .debug_abbrev  0x00000f7e       0x47 ./src/Aplicacion/Infotronic_garage.o
 .debug_abbrev  0x00000fc5       0x79 ./src/Aplicacion/Inicializacion.o
 .debug_abbrev  0x0000103e      0x159 ./src/Aplicacion/maquina_estados.o
 .debug_abbrev  0x00001197       0xf5 ./src/cr_startup_lpc175x_6x.o

.debug_aranges  0x00000000      0x5f0
 .debug_aranges
                0x00000000       0x20 ./src/Primitivas/PR_7Seg_Expansion3.o
 .debug_aranges
                0x00000020       0x20 ./src/Primitivas/PR_EntradaDigital.o
 .debug_aranges
                0x00000040       0x60 ./src/Primitivas/PR_LCD.o
 .debug_aranges
                0x000000a0       0x20 ./src/Primitivas/PR_Pwm.o
 .debug_aranges
                0x000000c0       0x28 ./src/Primitivas/PR_Teclado.o
 .debug_aranges
                0x000000e8       0x20 ./src/Primitivas/PR_Teclado_Expansion3.o
 .debug_aranges
                0x00000108       0x68 ./src/Primitivas/PR_Timer.o
 .debug_aranges
                0x00000170       0x28 ./src/Drivers_LPC1769/DR_Adc.o
 .debug_aranges
                0x00000198       0x28 ./src/Drivers_LPC1769/DR_EINT.o
 .debug_aranges
                0x000001c0       0x20 ./src/Drivers_LPC1769/DR_PLL.o
 .debug_aranges
                0x000001e0       0x30 ./src/Drivers_LPC1769/DR_Pwm.o
 .debug_aranges
                0x00000210       0x30 ./src/Drivers_LPC1769/DR_RTC.o
 .debug_aranges
                0x00000240       0x28 ./src/Drivers_LPC1769/DR_SysTick.o
 .debug_aranges
                0x00000268       0x40 ./src/Drivers_LPC1769/DR_gpio.o
 .debug_aranges
                0x000002a8       0x20 ./src/Drivers_LPC1769/DR_pinsel.o
 .debug_aranges
                0x000002c8       0x70 ./src/Drivers_LPC1769/DR_uart.o
 .debug_aranges
                0x00000338       0x20 ./src/Drivers_Infotronic/DR_7Seg_Expansion3.o
 .debug_aranges
                0x00000358       0x20 ./src/Drivers_Infotronic/DR_Antirebote_Digital.o
 .debug_aranges
                0x00000378       0x28 ./src/Drivers_Infotronic/DR_EntradaDigital.o
 .debug_aranges
                0x000003a0       0x60 ./src/Drivers_Infotronic/DR_LCD.o
 .debug_aranges
                0x00000400       0x30 ./src/Drivers_Infotronic/DR_Teclado.o
 .debug_aranges
                0x00000430       0x40 ./src/Drivers_Infotronic/DR_Teclado_Expansion3.o
 .debug_aranges
                0x00000470       0x20 ./src/Aplicacion/Infotronic_garage.o
 .debug_aranges
                0x00000490       0x30 ./src/Aplicacion/Inicializacion.o
 .debug_aranges
                0x000004c0       0xb0 ./src/Aplicacion/maquina_estados.o
 .debug_aranges
                0x00000570       0x80 ./src/cr_startup_lpc175x_6x.o

.debug_ranges   0x00000000      0x450
 .debug_ranges  0x00000000       0x10 ./src/Primitivas/PR_7Seg_Expansion3.o
 .debug_ranges  0x00000010       0x10 ./src/Primitivas/PR_EntradaDigital.o
 .debug_ranges  0x00000020       0x50 ./src/Primitivas/PR_LCD.o
 .debug_ranges  0x00000070       0x10 ./src/Primitivas/PR_Pwm.o
 .debug_ranges  0x00000080       0x18 ./src/Primitivas/PR_Teclado.o
 .debug_ranges  0x00000098       0x10 ./src/Primitivas/PR_Teclado_Expansion3.o
 .debug_ranges  0x000000a8       0x58 ./src/Primitivas/PR_Timer.o
 .debug_ranges  0x00000100       0x18 ./src/Drivers_LPC1769/DR_Adc.o
 .debug_ranges  0x00000118       0x18 ./src/Drivers_LPC1769/DR_EINT.o
 .debug_ranges  0x00000130       0x10 ./src/Drivers_LPC1769/DR_PLL.o
 .debug_ranges  0x00000140       0x20 ./src/Drivers_LPC1769/DR_Pwm.o
 .debug_ranges  0x00000160       0x20 ./src/Drivers_LPC1769/DR_RTC.o
 .debug_ranges  0x00000180       0x18 ./src/Drivers_LPC1769/DR_SysTick.o
 .debug_ranges  0x00000198       0x30 ./src/Drivers_LPC1769/DR_gpio.o
 .debug_ranges  0x000001c8       0x10 ./src/Drivers_LPC1769/DR_pinsel.o
 .debug_ranges  0x000001d8       0x60 ./src/Drivers_LPC1769/DR_uart.o
 .debug_ranges  0x00000238       0x10 ./src/Drivers_Infotronic/DR_7Seg_Expansion3.o
 .debug_ranges  0x00000248       0x10 ./src/Drivers_Infotronic/DR_Antirebote_Digital.o
 .debug_ranges  0x00000258       0x18 ./src/Drivers_Infotronic/DR_EntradaDigital.o
 .debug_ranges  0x00000270       0x50 ./src/Drivers_Infotronic/DR_LCD.o
 .debug_ranges  0x000002c0       0x20 ./src/Drivers_Infotronic/DR_Teclado.o
 .debug_ranges  0x000002e0       0x30 ./src/Drivers_Infotronic/DR_Teclado_Expansion3.o
 .debug_ranges  0x00000310       0x10 ./src/Aplicacion/Infotronic_garage.o
 .debug_ranges  0x00000320       0x20 ./src/Aplicacion/Inicializacion.o
 .debug_ranges  0x00000340       0xa0 ./src/Aplicacion/maquina_estados.o
 .debug_ranges  0x000003e0       0x70 ./src/cr_startup_lpc175x_6x.o

.debug_macro    0x00000000     0x2fa3
 .debug_macro   0x00000000       0x8a ./src/Primitivas/PR_7Seg_Expansion3.o
 .debug_macro   0x0000008a      0x874 ./src/Primitivas/PR_7Seg_Expansion3.o
 .debug_macro   0x000008fe       0x28 ./src/Primitivas/PR_7Seg_Expansion3.o
 .debug_macro   0x00000926      0x154 ./src/Primitivas/PR_7Seg_Expansion3.o
 .debug_macro   0x00000a7a       0x64 ./src/Primitivas/PR_7Seg_Expansion3.o
 .debug_macro   0x00000ade       0x10 ./src/Primitivas/PR_7Seg_Expansion3.o
 .debug_macro   0x00000aee       0xc4 ./src/Primitivas/PR_7Seg_Expansion3.o
 .debug_macro   0x00000bb2      0x12d ./src/Primitivas/PR_7Seg_Expansion3.o
 .debug_macro   0x00000cdf       0xa0 ./src/Primitivas/PR_7Seg_Expansion3.o
 .debug_macro   0x00000d7f       0x22 ./src/Primitivas/PR_7Seg_Expansion3.o
 .debug_macro   0x00000da1       0x82 ./src/Primitivas/PR_7Seg_Expansion3.o
 .debug_macro   0x00000e23       0x7c ./src/Primitivas/PR_EntradaDigital.o
 .debug_macro   0x00000e9f       0x7b ./src/Primitivas/PR_LCD.o
 .debug_macro   0x00000f1a       0xdc ./src/Primitivas/PR_LCD.o
 .debug_macro   0x00000ff6       0x28 ./src/Primitivas/PR_LCD.o
 .debug_macro   0x0000101e       0x4c ./src/Primitivas/PR_LCD.o
 .debug_macro   0x0000106a       0x42 ./src/Primitivas/PR_Pwm.o
 .debug_macro   0x000010ac      0x106 ./src/Primitivas/PR_Pwm.o
 .debug_macro   0x000011b2       0x22 ./src/Primitivas/PR_Pwm.o
 .debug_macro   0x000011d4       0x24 ./src/Primitivas/PR_Teclado.o
 .debug_macro   0x000011f8       0x81 ./src/Primitivas/PR_Teclado_Expansion3.o
 .debug_macro   0x00001279      0x294 ./src/Primitivas/PR_Timer.o
 .debug_macro   0x0000150d       0x6a ./src/Primitivas/PR_Timer.o
 .debug_macro   0x00001577      0x15b ./src/Drivers_LPC1769/DR_Adc.o
 .debug_macro   0x000016d2       0x32 ./src/Drivers_LPC1769/DR_EINT.o
 .debug_macro   0x00001704       0x23 ./src/Drivers_LPC1769/DR_PLL.o
 .debug_macro   0x00001727       0x35 ./src/Drivers_LPC1769/DR_Pwm.o
 .debug_macro   0x0000175c      0x38b ./src/Drivers_LPC1769/DR_RTC.o
 .debug_macro   0x00001ae7       0x1c ./src/Drivers_LPC1769/DR_RTC.o
 .debug_macro   0x00001b03      0x172 ./src/Drivers_LPC1769/DR_RTC.o
 .debug_macro   0x00001c75      0x280 ./src/Drivers_LPC1769/DR_SysTick.o
 .debug_macro   0x00001ef5       0x23 ./src/Drivers_LPC1769/DR_gpio.o
 .debug_macro   0x00001f18       0x29 ./src/Drivers_LPC1769/DR_pinsel.o
 .debug_macro   0x00001f41       0x5e ./src/Drivers_LPC1769/DR_pinsel.o
 .debug_macro   0x00001f9f      0x292 ./src/Drivers_LPC1769/DR_uart.o
 .debug_macro   0x00002231       0x8a ./src/Drivers_Infotronic/DR_7Seg_Expansion3.o
 .debug_macro   0x000022bb       0x4b ./src/Drivers_Infotronic/DR_Antirebote_Digital.o
 .debug_macro   0x00002306       0x8a ./src/Drivers_Infotronic/DR_EntradaDigital.o
 .debug_macro   0x00002390       0x35 ./src/Drivers_Infotronic/DR_LCD.o
 .debug_macro   0x000023c5       0x39 ./src/Drivers_Infotronic/DR_Teclado.o
 .debug_macro   0x000023fe       0x9c ./src/Drivers_Infotronic/DR_Teclado_Expansion3.o
 .debug_macro   0x0000249a      0x45b ./src/Aplicacion/Infotronic_garage.o
 .debug_macro   0x000028f5       0x82 ./src/Aplicacion/Infotronic_garage.o
 .debug_macro   0x00002977       0x10 ./src/Aplicacion/Infotronic_garage.o
 .debug_macro   0x00002987      0x387 ./src/Aplicacion/Inicializacion.o
 .debug_macro   0x00002d0e      0x278 ./src/Aplicacion/maquina_estados.o
 .debug_macro   0x00002f86       0x1d ./src/cr_startup_lpc175x_6x.o

.debug_line     0x00000000     0x4325
 .debug_line    0x00000000      0x1fa ./src/Primitivas/PR_7Seg_Expansion3.o
 .debug_line    0x000001fa      0x1c6 ./src/Primitivas/PR_EntradaDigital.o
 .debug_line    0x000003c0      0x31f ./src/Primitivas/PR_LCD.o
 .debug_line    0x000006df       0xf8 ./src/Primitivas/PR_Pwm.o
 .debug_line    0x000007d7       0xdf ./src/Primitivas/PR_Teclado.o
 .debug_line    0x000008b6      0x1d1 ./src/Primitivas/PR_Teclado_Expansion3.o
 .debug_line    0x00000a87      0x589 ./src/Primitivas/PR_Timer.o
 .debug_line    0x00001010       0xc9 ./src/Drivers_LPC1769/DR_Adc.o
 .debug_line    0x000010d9       0x90 ./src/Drivers_LPC1769/DR_EINT.o
 .debug_line    0x00001169       0xac ./src/Drivers_LPC1769/DR_PLL.o
 .debug_line    0x00001215       0xca ./src/Drivers_LPC1769/DR_Pwm.o
 .debug_line    0x000012df      0x4d8 ./src/Drivers_LPC1769/DR_RTC.o
 .debug_line    0x000017b7      0x4e0 ./src/Drivers_LPC1769/DR_SysTick.o
 .debug_line    0x00001c97       0xc9 ./src/Drivers_LPC1769/DR_gpio.o
 .debug_line    0x00001d60       0x76 ./src/Drivers_LPC1769/DR_pinsel.o
 .debug_line    0x00001dd6      0x6d2 ./src/Drivers_LPC1769/DR_uart.o
 .debug_line    0x000024a8      0x1ee ./src/Drivers_Infotronic/DR_7Seg_Expansion3.o
 .debug_line    0x00002696      0x149 ./src/Drivers_Infotronic/DR_Antirebote_Digital.o
 .debug_line    0x000027df      0x221 ./src/Drivers_Infotronic/DR_EntradaDigital.o
 .debug_line    0x00002a00      0x1e0 ./src/Drivers_Infotronic/DR_LCD.o
 .debug_line    0x00002be0      0x158 ./src/Drivers_Infotronic/DR_Teclado.o
 .debug_line    0x00002d38      0x2c6 ./src/Drivers_Infotronic/DR_Teclado_Expansion3.o
 .debug_line    0x00002ffe      0x557 ./src/Aplicacion/Infotronic_garage.o
 .debug_line    0x00003555      0x4d8 ./src/Aplicacion/Inicializacion.o
 .debug_line    0x00003a2d      0x824 ./src/Aplicacion/maquina_estados.o
 .debug_line    0x00004251       0xd4 ./src/cr_startup_lpc175x_6x.o

.debug_str      0x00000000     0x679c
 .debug_str     0x00000000     0x37b3 ./src/Primitivas/PR_7Seg_Expansion3.o
                               0x384b (size before relaxing)
 .debug_str     0x000037b3       0x5e ./src/Primitivas/PR_EntradaDigital.o
                               0x36a1 (size before relaxing)
 .debug_str     0x00003811      0x339 ./src/Primitivas/PR_LCD.o
                               0x33ce (size before relaxing)
 .debug_str     0x00003b4a      0x3ca ./src/Primitivas/PR_Pwm.o
                               0x2e1f (size before relaxing)
 .debug_str     0x00003f14       0x6d ./src/Primitivas/PR_Teclado.o
                               0x2565 (size before relaxing)
 .debug_str     0x00003f81       0xaf ./src/Primitivas/PR_Teclado_Expansion3.o
                               0x3788 (size before relaxing)
 .debug_str     0x00004030     0x10b6 ./src/Primitivas/PR_Timer.o
                               0x4f38 (size before relaxing)
 .debug_str     0x000050e6      0x315 ./src/Drivers_LPC1769/DR_Adc.o
                               0x36e0 (size before relaxing)
 .debug_str     0x000053fb       0x55 ./src/Drivers_LPC1769/DR_EINT.o
                               0x2ac7 (size before relaxing)
 .debug_str     0x00005450       0x28 ./src/Drivers_LPC1769/DR_PLL.o
                               0x2a44 (size before relaxing)
 .debug_str     0x00005478       0x48 ./src/Drivers_LPC1769/DR_Pwm.o
                               0x2dd9 (size before relaxing)
 .debug_str     0x000054c0      0x53e ./src/Drivers_LPC1769/DR_RTC.o
                               0x530e (size before relaxing)
 .debug_str     0x000059fe       0x6f ./src/Drivers_LPC1769/DR_SysTick.o
                               0x4ecc (size before relaxing)
 .debug_str     0x00005a6d       0x71 ./src/Drivers_LPC1769/DR_gpio.o
                               0x299f (size before relaxing)
 .debug_str     0x00005ade       0x39 ./src/Drivers_LPC1769/DR_pinsel.o
                               0x2661 (size before relaxing)
 .debug_str     0x00005b17      0x162 ./src/Drivers_LPC1769/DR_uart.o
                               0x4f5a (size before relaxing)
 .debug_str     0x00005c79       0x50 ./src/Drivers_Infotronic/DR_7Seg_Expansion3.o
                               0x3920 (size before relaxing)
 .debug_str     0x00005cc9       0x47 ./src/Drivers_Infotronic/DR_Antirebote_Digital.o
                               0x2b11 (size before relaxing)
 .debug_str     0x00005d10       0x67 ./src/Drivers_Infotronic/DR_EntradaDigital.o
                               0x38ba (size before relaxing)
 .debug_str     0x00005d77       0x82 ./src/Drivers_Infotronic/DR_LCD.o
                               0x2cd0 (size before relaxing)
 .debug_str     0x00005df9       0x9b ./src/Drivers_Infotronic/DR_Teclado.o
                               0x2b4a (size before relaxing)
 .debug_str     0x00005e94       0xbd ./src/Drivers_Infotronic/DR_Teclado_Expansion3.o
                               0x3bad (size before relaxing)
 .debug_str     0x00005f51      0x474 ./src/Aplicacion/Infotronic_garage.o
                               0x5714 (size before relaxing)
 .debug_str     0x000063c5       0x43 ./src/Aplicacion/Inicializacion.o
                               0x5301 (size before relaxing)
 .debug_str     0x00006408      0x1e2 ./src/Aplicacion/maquina_estados.o
                               0x4ff2 (size before relaxing)
 .debug_str     0x000065ea      0x1b2 ./src/cr_startup_lpc175x_6x.o
                               0x264b (size before relaxing)

.comment        0x00000000       0x70
 .comment       0x00000000       0x70 ./src/Primitivas/PR_7Seg_Expansion3.o
                                 0x71 (size before relaxing)
 .comment       0x00000000       0x71 ./src/Primitivas/PR_EntradaDigital.o
 .comment       0x00000000       0x71 ./src/Primitivas/PR_LCD.o
 .comment       0x00000000       0x71 ./src/Primitivas/PR_Pwm.o
 .comment       0x00000000       0x71 ./src/Primitivas/PR_Teclado.o
 .comment       0x00000000       0x71 ./src/Primitivas/PR_Teclado_Expansion3.o
 .comment       0x00000000       0x71 ./src/Primitivas/PR_Timer.o
 .comment       0x00000000       0x71 ./src/Drivers_LPC1769/DR_Adc.o
 .comment       0x00000000       0x71 ./src/Drivers_LPC1769/DR_EINT.o
 .comment       0x00000000       0x71 ./src/Drivers_LPC1769/DR_PLL.o
 .comment       0x00000000       0x71 ./src/Drivers_LPC1769/DR_Pwm.o
 .comment       0x00000000       0x71 ./src/Drivers_LPC1769/DR_RTC.o
 .comment       0x00000000       0x71 ./src/Drivers_LPC1769/DR_SysTick.o
 .comment       0x00000000       0x71 ./src/Drivers_LPC1769/DR_gpio.o
 .comment       0x00000000       0x71 ./src/Drivers_LPC1769/DR_pinsel.o
 .comment       0x00000000       0x71 ./src/Drivers_LPC1769/DR_uart.o
 .comment       0x00000000       0x71 ./src/Drivers_Infotronic/DR_7Seg_Expansion3.o
 .comment       0x00000000       0x71 ./src/Drivers_Infotronic/DR_Antirebote_Digital.o
 .comment       0x00000000       0x71 ./src/Drivers_Infotronic/DR_EntradaDigital.o
 .comment       0x00000000       0x71 ./src/Drivers_Infotronic/DR_LCD.o
 .comment       0x00000000       0x71 ./src/Drivers_Infotronic/DR_Teclado.o
 .comment       0x00000000       0x71 ./src/Drivers_Infotronic/DR_Teclado_Expansion3.o
 .comment       0x00000000       0x71 ./src/Aplicacion/Infotronic_garage.o
 .comment       0x00000000       0x71 ./src/Aplicacion/Inicializacion.o
 .comment       0x00000000       0x71 ./src/Aplicacion/maquina_estados.o
 .comment       0x00000000       0x71 ./src/cr_startup_lpc175x_6x.o
 .comment       0x00000000       0x71 c:/nxp/lpcxpresso_7.7.2_379/lpcxpresso/tools/bin/../lib/gcc/arm-none-eabi/4.9.3/../../../../arm-none-eabi/lib/armv7-m\libcr_semihost.a(_cr__main.o)
 .comment       0x00000000       0x71 c:/nxp/lpcxpresso_7.7.2_379/lpcxpresso/tools/bin/../lib/gcc/arm-none-eabi/4.9.3/../../../../arm-none-eabi/lib/armv7-m\libcr_c.a(initio.o)
 .comment       0x00000000       0x71 c:/nxp/lpcxpresso_7.7.2_379/lpcxpresso/tools/bin/../lib/gcc/arm-none-eabi/4.9.3/../../../../arm-none-eabi/lib/armv7-m\libcr_c.a(itoa.o)
 .comment       0x00000000       0x71 c:/nxp/lpcxpresso_7.7.2_379/lpcxpresso/tools/bin/../lib/gcc/arm-none-eabi/4.9.3/../../../../arm-none-eabi/lib/armv7-m\libcr_c.a(scanf.o)
 .comment       0x00000000       0x71 c:/nxp/lpcxpresso_7.7.2_379/lpcxpresso/tools/bin/../lib/gcc/arm-none-eabi/4.9.3/../../../../arm-none-eabi/lib/armv7-m\libcr_c.a(setvbuf.o)
 .comment       0x00000000       0x71 c:/nxp/lpcxpresso_7.7.2_379/lpcxpresso/tools/bin/../lib/gcc/arm-none-eabi/4.9.3/../../../../arm-none-eabi/lib/armv7-m\libcr_c.a(stdio.o)
 .comment       0x00000000       0x71 c:/nxp/lpcxpresso_7.7.2_379/lpcxpresso/tools/bin/../lib/gcc/arm-none-eabi/4.9.3/../../../../arm-none-eabi/lib/armv7-m\libcr_c.a(strcpy.o)
 .comment       0x00000000       0x71 c:/nxp/lpcxpresso_7.7.2_379/lpcxpresso/tools/bin/../lib/gcc/arm-none-eabi/4.9.3/../../../../arm-none-eabi/lib/armv7-m\libcr_c.a(strlen.o)
 .comment       0x00000000       0x71 c:/nxp/lpcxpresso_7.7.2_379/lpcxpresso/tools/bin/../lib/gcc/arm-none-eabi/4.9.3/../../../../arm-none-eabi/lib/armv7-m\libcr_c.a(memset.o)
 .comment       0x00000000       0x71 c:/nxp/lpcxpresso_7.7.2_379/lpcxpresso/tools/bin/../lib/gcc/arm-none-eabi/4.9.3/../../../../arm-none-eabi/lib/armv7-m\libcr_c.a(_deferredlazyseek.o)
 .comment       0x00000000       0x71 c:/nxp/lpcxpresso_7.7.2_379/lpcxpresso/tools/bin/../lib/gcc/arm-none-eabi/4.9.3/../../../../arm-none-eabi/lib/armv7-m\libcr_c.a(_fdopen.o)
 .comment       0x00000000       0x71 c:/nxp/lpcxpresso_7.7.2_379/lpcxpresso/tools/bin/../lib/gcc/arm-none-eabi/4.9.3/../../../../arm-none-eabi/lib/armv7-m\libcr_c.a(_fflush.o)
 .comment       0x00000000       0x71 c:/nxp/lpcxpresso_7.7.2_379/lpcxpresso/tools/bin/../lib/gcc/arm-none-eabi/4.9.3/../../../../arm-none-eabi/lib/armv7-m\libcr_c.a(_writebuf.o)
 .comment       0x00000000       0x71 c:/nxp/lpcxpresso_7.7.2_379/lpcxpresso/tools/bin/../lib/gcc/arm-none-eabi/4.9.3/../../../../arm-none-eabi/lib/armv7-m\libcr_c.a(alloc.o)
 .comment       0x00000000       0x71 c:/nxp/lpcxpresso_7.7.2_379/lpcxpresso/tools/bin/../lib/gcc/arm-none-eabi/4.9.3/../../../../arm-none-eabi/lib/armv7-m\libcr_c.a(ctype.o)
 .comment       0x00000000       0x71 c:/nxp/lpcxpresso_7.7.2_379/lpcxpresso/tools/bin/../lib/gcc/arm-none-eabi/4.9.3/../../../../arm-none-eabi/lib/armv7-m\libcr_c.a(errno.o)
 .comment       0x00000000       0x71 c:/nxp/lpcxpresso_7.7.2_379/lpcxpresso/tools/bin/../lib/gcc/arm-none-eabi/4.9.3/../../../../arm-none-eabi/lib/armv7-m\libcr_c.a(fclose.o)
 .comment       0x00000000       0x71 c:/nxp/lpcxpresso_7.7.2_379/lpcxpresso/tools/bin/../lib/gcc/arm-none-eabi/4.9.3/../../../../arm-none-eabi/lib/armv7-m\libcr_c.a(fflush.o)
 .comment       0x00000000       0x71 c:/nxp/lpcxpresso_7.7.2_379/lpcxpresso/tools/bin/../lib/gcc/arm-none-eabi/4.9.3/../../../../arm-none-eabi/lib/armv7-m\libcr_c.a(fseek.o)
 .comment       0x00000000       0x71 c:/nxp/lpcxpresso_7.7.2_379/lpcxpresso/tools/bin/../lib/gcc/arm-none-eabi/4.9.3/../../../../arm-none-eabi/lib/armv7-m\libcr_c.a(ftell.o)
 .comment       0x00000000       0x71 c:/nxp/lpcxpresso_7.7.2_379/lpcxpresso/tools/bin/../lib/gcc/arm-none-eabi/4.9.3/../../../../arm-none-eabi/lib/armv7-m\libcr_c.a(remove.o)
 .comment       0x00000000       0x71 c:/nxp/lpcxpresso_7.7.2_379/lpcxpresso/tools/bin/../lib/gcc/arm-none-eabi/4.9.3/../../../../arm-none-eabi/lib/armv7-m\libcr_c.a(__init_alloc.o)
 .comment       0x00000000       0x71 c:/nxp/lpcxpresso_7.7.2_379/lpcxpresso/tools/bin/../lib/gcc/arm-none-eabi/4.9.3/../../../../arm-none-eabi/lib/armv7-m\libcr_c.a(_cr_sbrk.o)
 .comment       0x00000000       0x71 c:/nxp/lpcxpresso_7.7.2_379/lpcxpresso/tools/bin/../lib/gcc/arm-none-eabi/4.9.3/../../../../arm-none-eabi/lib/armv7-m\libcr_c.a(_do_fflush.o)
 .comment       0x00000000       0x71 c:/nxp/lpcxpresso_7.7.2_379/lpcxpresso/tools/bin/../lib/gcc/arm-none-eabi/4.9.3/../../../../arm-none-eabi/lib/armv7-m\libcr_c.a(_cr_check_heap.o)

.ARM.attributes
                0x00000000       0x31
 .ARM.attributes
                0x00000000       0x33 ./src/Primitivas/PR_7Seg_Expansion3.o
 .ARM.attributes
                0x00000033       0x33 ./src/Primitivas/PR_EntradaDigital.o
 .ARM.attributes
                0x00000066       0x33 ./src/Primitivas/PR_LCD.o
 .ARM.attributes
                0x00000099       0x33 ./src/Primitivas/PR_Pwm.o
 .ARM.attributes
                0x000000cc       0x33 ./src/Primitivas/PR_Teclado.o
 .ARM.attributes
                0x000000ff       0x33 ./src/Primitivas/PR_Teclado_Expansion3.o
 .ARM.attributes
                0x00000132       0x33 ./src/Primitivas/PR_Timer.o
 .ARM.attributes
                0x00000165       0x33 ./src/Drivers_LPC1769/DR_Adc.o
 .ARM.attributes
                0x00000198       0x33 ./src/Drivers_LPC1769/DR_EINT.o
 .ARM.attributes
                0x000001cb       0x33 ./src/Drivers_LPC1769/DR_PLL.o
 .ARM.attributes
                0x000001fe       0x33 ./src/Drivers_LPC1769/DR_Pwm.o
 .ARM.attributes
                0x00000231       0x33 ./src/Drivers_LPC1769/DR_RTC.o
 .ARM.attributes
                0x00000264       0x33 ./src/Drivers_LPC1769/DR_SysTick.o
 .ARM.attributes
                0x00000297       0x33 ./src/Drivers_LPC1769/DR_gpio.o
 .ARM.attributes
                0x000002ca       0x33 ./src/Drivers_LPC1769/DR_pinsel.o
 .ARM.attributes
                0x000002fd       0x33 ./src/Drivers_LPC1769/DR_uart.o
 .ARM.attributes
                0x00000330       0x33 ./src/Drivers_Infotronic/DR_7Seg_Expansion3.o
 .ARM.attributes
                0x00000363       0x33 ./src/Drivers_Infotronic/DR_Antirebote_Digital.o
 .ARM.attributes
                0x00000396       0x33 ./src/Drivers_Infotronic/DR_EntradaDigital.o
 .ARM.attributes
                0x000003c9       0x33 ./src/Drivers_Infotronic/DR_LCD.o
 .ARM.attributes
                0x000003fc       0x33 ./src/Drivers_Infotronic/DR_Teclado.o
 .ARM.attributes
                0x0000042f       0x33 ./src/Drivers_Infotronic/DR_Teclado_Expansion3.o
 .ARM.attributes
                0x00000462       0x33 ./src/Aplicacion/Infotronic_garage.o
 .ARM.attributes
                0x00000495       0x33 ./src/Aplicacion/Inicializacion.o
 .ARM.attributes
                0x000004c8       0x33 ./src/Aplicacion/maquina_estados.o
 .ARM.attributes
                0x000004fb       0x33 ./src/cr_startup_lpc175x_6x.o
 .ARM.attributes
                0x0000052e       0x33 c:/nxp/lpcxpresso_7.7.2_379/lpcxpresso/tools/bin/../lib/gcc/arm-none-eabi/4.9.3/../../../../arm-none-eabi/lib/armv7-m\libcr_semihost.a(_cr__main.o)
 .ARM.attributes
                0x00000561       0x33 c:/nxp/lpcxpresso_7.7.2_379/lpcxpresso/tools/bin/../lib/gcc/arm-none-eabi/4.9.3/../../../../arm-none-eabi/lib/armv7-m\libcr_c.a(initio.o)
 .ARM.attributes
                0x00000594       0x33 c:/nxp/lpcxpresso_7.7.2_379/lpcxpresso/tools/bin/../lib/gcc/arm-none-eabi/4.9.3/../../../../arm-none-eabi/lib/armv7-m\libcr_c.a(itoa.o)
 .ARM.attributes
                0x000005c7       0x33 c:/nxp/lpcxpresso_7.7.2_379/lpcxpresso/tools/bin/../lib/gcc/arm-none-eabi/4.9.3/../../../../arm-none-eabi/lib/armv7-m\libcr_c.a(scanf.o)
 .ARM.attributes
                0x000005fa       0x33 c:/nxp/lpcxpresso_7.7.2_379/lpcxpresso/tools/bin/../lib/gcc/arm-none-eabi/4.9.3/../../../../arm-none-eabi/lib/armv7-m\libcr_c.a(setvbuf.o)
 .ARM.attributes
                0x0000062d       0x33 c:/nxp/lpcxpresso_7.7.2_379/lpcxpresso/tools/bin/../lib/gcc/arm-none-eabi/4.9.3/../../../../arm-none-eabi/lib/armv7-m\libcr_c.a(stdio.o)
 .ARM.attributes
                0x00000660       0x33 c:/nxp/lpcxpresso_7.7.2_379/lpcxpresso/tools/bin/../lib/gcc/arm-none-eabi/4.9.3/../../../../arm-none-eabi/lib/armv7-m\libcr_c.a(strcpy.o)
 .ARM.attributes
                0x00000693       0x33 c:/nxp/lpcxpresso_7.7.2_379/lpcxpresso/tools/bin/../lib/gcc/arm-none-eabi/4.9.3/../../../../arm-none-eabi/lib/armv7-m\libcr_c.a(strlen.o)
 .ARM.attributes
                0x000006c6       0x33 c:/nxp/lpcxpresso_7.7.2_379/lpcxpresso/tools/bin/../lib/gcc/arm-none-eabi/4.9.3/../../../../arm-none-eabi/lib/armv7-m\libcr_c.a(memset.o)
 .ARM.attributes
                0x000006f9       0x33 c:/nxp/lpcxpresso_7.7.2_379/lpcxpresso/tools/bin/../lib/gcc/arm-none-eabi/4.9.3/../../../../arm-none-eabi/lib/armv7-m\libcr_c.a(_deferredlazyseek.o)
 .ARM.attributes
                0x0000072c       0x33 c:/nxp/lpcxpresso_7.7.2_379/lpcxpresso/tools/bin/../lib/gcc/arm-none-eabi/4.9.3/../../../../arm-none-eabi/lib/armv7-m\libcr_c.a(_fdopen.o)
 .ARM.attributes
                0x0000075f       0x33 c:/nxp/lpcxpresso_7.7.2_379/lpcxpresso/tools/bin/../lib/gcc/arm-none-eabi/4.9.3/../../../../arm-none-eabi/lib/armv7-m\libcr_c.a(_fflush.o)
 .ARM.attributes
                0x00000792       0x33 c:/nxp/lpcxpresso_7.7.2_379/lpcxpresso/tools/bin/../lib/gcc/arm-none-eabi/4.9.3/../../../../arm-none-eabi/lib/armv7-m\libcr_c.a(_writebuf.o)
 .ARM.attributes
                0x000007c5       0x33 c:/nxp/lpcxpresso_7.7.2_379/lpcxpresso/tools/bin/../lib/gcc/arm-none-eabi/4.9.3/../../../../arm-none-eabi/lib/armv7-m\libcr_c.a(alloc.o)
 .ARM.attributes
                0x000007f8       0x33 c:/nxp/lpcxpresso_7.7.2_379/lpcxpresso/tools/bin/../lib/gcc/arm-none-eabi/4.9.3/../../../../arm-none-eabi/lib/armv7-m\libcr_c.a(ctype.o)
 .ARM.attributes
                0x0000082b       0x33 c:/nxp/lpcxpresso_7.7.2_379/lpcxpresso/tools/bin/../lib/gcc/arm-none-eabi/4.9.3/../../../../arm-none-eabi/lib/armv7-m\libcr_c.a(errno.o)
 .ARM.attributes
                0x0000085e       0x33 c:/nxp/lpcxpresso_7.7.2_379/lpcxpresso/tools/bin/../lib/gcc/arm-none-eabi/4.9.3/../../../../arm-none-eabi/lib/armv7-m\libcr_c.a(fclose.o)
 .ARM.attributes
                0x00000891       0x33 c:/nxp/lpcxpresso_7.7.2_379/lpcxpresso/tools/bin/../lib/gcc/arm-none-eabi/4.9.3/../../../../arm-none-eabi/lib/armv7-m\libcr_c.a(fflush.o)
 .ARM.attributes
                0x000008c4       0x33 c:/nxp/lpcxpresso_7.7.2_379/lpcxpresso/tools/bin/../lib/gcc/arm-none-eabi/4.9.3/../../../../arm-none-eabi/lib/armv7-m\libcr_c.a(fseek.o)
 .ARM.attributes
                0x000008f7       0x33 c:/nxp/lpcxpresso_7.7.2_379/lpcxpresso/tools/bin/../lib/gcc/arm-none-eabi/4.9.3/../../../../arm-none-eabi/lib/armv7-m\libcr_c.a(ftell.o)
 .ARM.attributes
                0x0000092a       0x33 c:/nxp/lpcxpresso_7.7.2_379/lpcxpresso/tools/bin/../lib/gcc/arm-none-eabi/4.9.3/../../../../arm-none-eabi/lib/armv7-m\libcr_c.a(remove.o)
 .ARM.attributes
                0x0000095d       0x33 c:/nxp/lpcxpresso_7.7.2_379/lpcxpresso/tools/bin/../lib/gcc/arm-none-eabi/4.9.3/../../../../arm-none-eabi/lib/armv7-m\libcr_c.a(__init_alloc.o)
 .ARM.attributes
                0x00000990       0x33 c:/nxp/lpcxpresso_7.7.2_379/lpcxpresso/tools/bin/../lib/gcc/arm-none-eabi/4.9.3/../../../../arm-none-eabi/lib/armv7-m\libcr_c.a(_cr_sbrk.o)
 .ARM.attributes
                0x000009c3       0x33 c:/nxp/lpcxpresso_7.7.2_379/lpcxpresso/tools/bin/../lib/gcc/arm-none-eabi/4.9.3/../../../../arm-none-eabi/lib/armv7-m\libcr_c.a(_do_fflush.o)
 .ARM.attributes
                0x000009f6       0x33 c:/nxp/lpcxpresso_7.7.2_379/lpcxpresso/tools/bin/../lib/gcc/arm-none-eabi/4.9.3/../../../../arm-none-eabi/lib/armv7-m\libcr_c.a(_cr_check_heap.o)
 .ARM.attributes
                0x00000a29       0x21 c:/nxp/lpcxpresso_7.7.2_379/lpcxpresso/tools/bin/../lib/gcc/arm-none-eabi/4.9.3/armv7-m\libcr_eabihelpers.a(memcpy.o)
 .ARM.attributes
                0x00000a4a       0x21 c:/nxp/lpcxpresso_7.7.2_379/lpcxpresso/tools/bin/../lib/gcc/arm-none-eabi/4.9.3/../../../../arm-none-eabi/lib/armv7-m\libcr_semihost.a(__sys_appexit.o)
 .ARM.attributes
                0x00000a6b       0x21 c:/nxp/lpcxpresso_7.7.2_379/lpcxpresso/tools/bin/../lib/gcc/arm-none-eabi/4.9.3/../../../../arm-none-eabi/lib/armv7-m\libcr_semihost.a(__sys_close.o)
 .ARM.attributes
                0x00000a8c       0x21 c:/nxp/lpcxpresso_7.7.2_379/lpcxpresso/tools/bin/../lib/gcc/arm-none-eabi/4.9.3/../../../../arm-none-eabi/lib/armv7-m\libcr_semihost.a(__sys_flen.o)
 .ARM.attributes
                0x00000aad       0x21 c:/nxp/lpcxpresso_7.7.2_379/lpcxpresso/tools/bin/../lib/gcc/arm-none-eabi/4.9.3/../../../../arm-none-eabi/lib/armv7-m\libcr_semihost.a(__sys_istty.o)
 .ARM.attributes
                0x00000ace       0x21 c:/nxp/lpcxpresso_7.7.2_379/lpcxpresso/tools/bin/../lib/gcc/arm-none-eabi/4.9.3/../../../../arm-none-eabi/lib/armv7-m\libcr_semihost.a(__sys_remove.o)
 .ARM.attributes
                0x00000aef       0x21 c:/nxp/lpcxpresso_7.7.2_379/lpcxpresso/tools/bin/../lib/gcc/arm-none-eabi/4.9.3/../../../../arm-none-eabi/lib/armv7-m\libcr_semihost.a(__sys_seek.o)
 .ARM.attributes
                0x00000b10       0x21 c:/nxp/lpcxpresso_7.7.2_379/lpcxpresso/tools/bin/../lib/gcc/arm-none-eabi/4.9.3/../../../../arm-none-eabi/lib/armv7-m\libcr_semihost.a(__sys_tmpnam.o)
 .ARM.attributes
                0x00000b31       0x21 c:/nxp/lpcxpresso_7.7.2_379/lpcxpresso/tools/bin/../lib/gcc/arm-none-eabi/4.9.3/../../../../arm-none-eabi/lib/armv7-m\libcr_semihost.a(__sys_write.o)

.debug_frame    0x00000000     0x10bc
 .debug_frame   0x00000000       0x38 ./src/Primitivas/PR_7Seg_Expansion3.o
 .debug_frame   0x00000038       0x38 ./src/Primitivas/PR_EntradaDigital.o
 .debug_frame   0x00000070      0x140 ./src/Primitivas/PR_LCD.o
 .debug_frame   0x000001b0       0x38 ./src/Primitivas/PR_Pwm.o
 .debug_frame   0x000001e8       0x60 ./src/Primitivas/PR_Teclado.o
 .debug_frame   0x00000248       0x38 ./src/Primitivas/PR_Teclado_Expansion3.o
 .debug_frame   0x00000280      0x198 ./src/Primitivas/PR_Timer.o
 .debug_frame   0x00000418       0x4c ./src/Drivers_LPC1769/DR_Adc.o
 .debug_frame   0x00000464       0x4c ./src/Drivers_LPC1769/DR_EINT.o
 .debug_frame   0x000004b0       0x30 ./src/Drivers_LPC1769/DR_PLL.o
 .debug_frame   0x000004e0       0x74 ./src/Drivers_LPC1769/DR_Pwm.o
 .debug_frame   0x00000554       0x78 ./src/Drivers_LPC1769/DR_RTC.o
 .debug_frame   0x000005cc       0x4c ./src/Drivers_LPC1769/DR_SysTick.o
 .debug_frame   0x00000618       0xd8 ./src/Drivers_LPC1769/DR_gpio.o
 .debug_frame   0x000006f0       0x38 ./src/Drivers_LPC1769/DR_pinsel.o
 .debug_frame   0x00000728      0x1ac ./src/Drivers_LPC1769/DR_uart.o
 .debug_frame   0x000008d4       0x34 ./src/Drivers_Infotronic/DR_7Seg_Expansion3.o
 .debug_frame   0x00000908       0x34 ./src/Drivers_Infotronic/DR_Antirebote_Digital.o
 .debug_frame   0x0000093c       0x50 ./src/Drivers_Infotronic/DR_EntradaDigital.o
 .debug_frame   0x0000098c      0x140 ./src/Drivers_Infotronic/DR_LCD.o
 .debug_frame   0x00000acc       0x74 ./src/Drivers_Infotronic/DR_Teclado.o
 .debug_frame   0x00000b40       0xc0 ./src/Drivers_Infotronic/DR_Teclado_Expansion3.o
 .debug_frame   0x00000c00       0x2c ./src/Aplicacion/Infotronic_garage.o
 .debug_frame   0x00000c2c       0x6c ./src/Aplicacion/Inicializacion.o
 .debug_frame   0x00000c98      0x2b4 ./src/Aplicacion/maquina_estados.o
 .debug_frame   0x00000f4c      0x170 ./src/cr_startup_lpc175x_6x.o
