Archive member included because of file (symbol)

c:/nxp/lpcxpresso_7.7.2_379/lpcxpresso/tools/bin/../lib/gcc/arm-none-eabi/4.9.3/../../../../arm-none-eabi/lib/armv7-m\libcr_semihost.a(_cr__main.o)
                              ./src/cr_startup_lpc175x_6x.o (__main)
c:/nxp/lpcxpresso_7.7.2_379/lpcxpresso/tools/bin/../lib/gcc/arm-none-eabi/4.9.3/../../../../arm-none-eabi/lib/armv7-m\libcr_c.a(initio.o)
                              c:/nxp/lpcxpresso_7.7.2_379/lpcxpresso/tools/bin/../lib/gcc/arm-none-eabi/4.9.3/../../../../arm-none-eabi/lib/armv7-m\libcr_semihost.a(_cr__main.o) (_initio)
c:/nxp/lpcxpresso_7.7.2_379/lpcxpresso/tools/bin/../lib/gcc/arm-none-eabi/4.9.3/../../../../arm-none-eabi/lib/armv7-m\libcr_c.a(itoa.o)
                              ./src/Primitivas/PR_LCD.o (itoa)
c:/nxp/lpcxpresso_7.7.2_379/lpcxpresso/tools/bin/../lib/gcc/arm-none-eabi/4.9.3/../../../../arm-none-eabi/lib/armv7-m\libcr_c.a(scanf.o)
                              ./src/Primitivas/PR_LCD.o (atoi)
c:/nxp/lpcxpresso_7.7.2_379/lpcxpresso/tools/bin/../lib/gcc/arm-none-eabi/4.9.3/../../../../arm-none-eabi/lib/armv7-m\libcr_c.a(setvbuf.o)
                              c:/nxp/lpcxpresso_7.7.2_379/lpcxpresso/tools/bin/../lib/gcc/arm-none-eabi/4.9.3/../../../../arm-none-eabi/lib/armv7-m\libcr_c.a(initio.o) (setvbuf)
c:/nxp/lpcxpresso_7.7.2_379/lpcxpresso/tools/bin/../lib/gcc/arm-none-eabi/4.9.3/../../../../arm-none-eabi/lib/armv7-m\libcr_c.a(stdio.o)
                              c:/nxp/lpcxpresso_7.7.2_379/lpcxpresso/tools/bin/../lib/gcc/arm-none-eabi/4.9.3/../../../../arm-none-eabi/lib/armv7-m\libcr_c.a(initio.o) (__Ciob)
c:/nxp/lpcxpresso_7.7.2_379/lpcxpresso/tools/bin/../lib/gcc/arm-none-eabi/4.9.3/../../../../arm-none-eabi/lib/armv7-m\libcr_c.a(strcpy.o)
                              ./src/Primitivas/PR_LCD.o (strcpy)
c:/nxp/lpcxpresso_7.7.2_379/lpcxpresso/tools/bin/../lib/gcc/arm-none-eabi/4.9.3/../../../../arm-none-eabi/lib/armv7-m\libcr_c.a(strlen.o)
                              c:/nxp/lpcxpresso_7.7.2_379/lpcxpresso/tools/bin/../lib/gcc/arm-none-eabi/4.9.3/../../../../arm-none-eabi/lib/armv7-m\libcr_c.a(scanf.o) (strlen)
c:/nxp/lpcxpresso_7.7.2_379/lpcxpresso/tools/bin/../lib/gcc/arm-none-eabi/4.9.3/../../../../arm-none-eabi/lib/armv7-m\libcr_c.a(ungetc.o)
                              c:/nxp/lpcxpresso_7.7.2_379/lpcxpresso/tools/bin/../lib/gcc/arm-none-eabi/4.9.3/../../../../arm-none-eabi/lib/armv7-m\libcr_c.a(scanf.o) (ungetc)
c:/nxp/lpcxpresso_7.7.2_379/lpcxpresso/tools/bin/../lib/gcc/arm-none-eabi/4.9.3/../../../../arm-none-eabi/lib/armv7-m\libcr_c.a(memset.o)
                              c:/nxp/lpcxpresso_7.7.2_379/lpcxpresso/tools/bin/../lib/gcc/arm-none-eabi/4.9.3/../../../../arm-none-eabi/lib/armv7-m\libcr_c.a(initio.o) (memset)
c:/nxp/lpcxpresso_7.7.2_379/lpcxpresso/tools/bin/../lib/gcc/arm-none-eabi/4.9.3/../../../../arm-none-eabi/lib/armv7-m\libcr_c.a(__fillbuf.o)
                              c:/nxp/lpcxpresso_7.7.2_379/lpcxpresso/tools/bin/../lib/gcc/arm-none-eabi/4.9.3/../../../../arm-none-eabi/lib/armv7-m\libcr_c.a(scanf.o) (__filbuf)
c:/nxp/lpcxpresso_7.7.2_379/lpcxpresso/tools/bin/../lib/gcc/arm-none-eabi/4.9.3/../../../../arm-none-eabi/lib/armv7-m\libcr_c.a(_deferredlazyseek.o)
                              c:/nxp/lpcxpresso_7.7.2_379/lpcxpresso/tools/bin/../lib/gcc/arm-none-eabi/4.9.3/../../../../arm-none-eabi/lib/armv7-m\libcr_c.a(__fillbuf.o) (_deferredlazyseek)
c:/nxp/lpcxpresso_7.7.2_379/lpcxpresso/tools/bin/../lib/gcc/arm-none-eabi/4.9.3/../../../../arm-none-eabi/lib/armv7-m\libcr_c.a(_fdopen.o)
                              c:/nxp/lpcxpresso_7.7.2_379/lpcxpresso/tools/bin/../lib/gcc/arm-none-eabi/4.9.3/../../../../arm-none-eabi/lib/armv7-m\libcr_c.a(initio.o) (_fdopen)
c:/nxp/lpcxpresso_7.7.2_379/lpcxpresso/tools/bin/../lib/gcc/arm-none-eabi/4.9.3/../../../../arm-none-eabi/lib/armv7-m\libcr_c.a(_fflush.o)
                              c:/nxp/lpcxpresso_7.7.2_379/lpcxpresso/tools/bin/../lib/gcc/arm-none-eabi/4.9.3/../../../../arm-none-eabi/lib/armv7-m\libcr_c.a(__fillbuf.o) (_fflush)
c:/nxp/lpcxpresso_7.7.2_379/lpcxpresso/tools/bin/../lib/gcc/arm-none-eabi/4.9.3/../../../../arm-none-eabi/lib/armv7-m\libcr_c.a(_frexpl.o)
                              c:/nxp/lpcxpresso_7.7.2_379/lpcxpresso/tools/bin/../lib/gcc/arm-none-eabi/4.9.3/../../../../arm-none-eabi/lib/armv7-m\libcr_c.a(scanf.o) (_frexpl)
c:/nxp/lpcxpresso_7.7.2_379/lpcxpresso/tools/bin/../lib/gcc/arm-none-eabi/4.9.3/../../../../arm-none-eabi/lib/armv7-m\libcr_c.a(_hugeval.o)
                              c:/nxp/lpcxpresso_7.7.2_379/lpcxpresso/tools/bin/../lib/gcc/arm-none-eabi/4.9.3/../../../../arm-none-eabi/lib/armv7-m\libcr_c.a(scanf.o) (__huge_vall)
c:/nxp/lpcxpresso_7.7.2_379/lpcxpresso/tools/bin/../lib/gcc/arm-none-eabi/4.9.3/../../../../arm-none-eabi/lib/armv7-m\libcr_c.a(_ldexpl.o)
[...]
Memory Configuration

Name             Origin             Length             Attributes
MFlash512        0x00000000         0x00080000         xr
RamLoc32         0x10000000         0x00008000         xrw
RamAHB32         0x2007c000         0x00008000         xrw
*default*        0x00000000         0xffffffff

Linker script and memory map

LOAD ./src/Primitivas/PR_7Seg_Expansion3.o
LOAD ./src/Primitivas/PR_7seg.o
LOAD ./src/Primitivas/PR_EntradaDigital.o
LOAD ./src/Primitivas/PR_LCD.o
LOAD ./src/Primitivas/PR_Pwm.o
LOAD ./src/Primitivas/PR_Rgb.o
LOAD ./src/Primitivas/PR_Sensores.o
LOAD ./src/Primitivas/PR_Teclado.o
LOAD ./src/Primitivas/PR_Teclado_Expansion3.o
LOAD ./src/Primitivas/PR_Temperatura.o
LOAD ./src/Primitivas/PR_Timer.o
LOAD ./src/Drivers_LPC1769/DR_Adc.o
LOAD ./src/Drivers_LPC1769/DR_EINT.o
LOAD ./src/Drivers_LPC1769/DR_PLL.o
LOAD ./src/Drivers_LPC1769/DR_Pwm.o
LOAD ./src/Drivers_LPC1769/DR_RTC.o
LOAD ./src/Drivers_LPC1769/DR_SysTick.o
LOAD ./src/Drivers_LPC1769/DR_Timer.o
LOAD ./src/Drivers_LPC1769/DR_gpio.o
LOAD ./src/Drivers_LPC1769/DR_pinsel.o
LOAD ./src/Drivers_LPC1769/DR_uart.o
LOAD ./src/Drivers_Infotronic/DR_7Seg_Expansion3.o
LOAD ./src/Drivers_Infotronic/DR_Antirebote_Digital.o
LOAD ./src/Drivers_Infotronic/DR_EntradaDigital.o
LOAD ./src/Drivers_Infotronic/DR_LCD.o
LOAD ./src/Drivers_Infotronic/DR_Rgb.o
LOAD ./src/Drivers_Infotronic/DR_Segmento.o
LOAD ./src/Drivers_Infotronic/DR_Teclado.o
LOAD ./src/Drivers_Infotronic/DR_Teclado_Expansion3.o
LOAD ./src/Aplicacion/Infotronic_garage.o
LOAD ./src/Aplicacion/Inicializacion.o
LOAD ./src/Aplicacion/maquina_estados.o
LOAD ./src/cr_startup_lpc175x_6x.o
LOAD ./src/crp.o
START GROUP
LOAD c:/nxp/lpcxpresso_7.7.2_379/lpcxpresso/tools/bin/../lib/gcc/arm-none-eabi/4.9.3/../../../../arm-none-eabi/lib/armv7-m\libcr_semihost.a
LOAD c:/nxp/lpcxpresso_7.7.2_379/lpcxpresso/tools/bin/../lib/gcc/arm-none-eabi/4.9.3/../../../../arm-none-eabi/lib/armv7-m\libcr_c.a
LOAD c:/nxp/lpcxpresso_7.7.2_379/lpcxpresso/tools/bin/../lib/gcc/arm-none-eabi/4.9.3/armv7-m\libcr_eabihelpers.a
END GROUP
                0x00080000                __top_MFlash512 = 0x80000
                0x10008000                __top_RamLoc32 = 0x10008000
                0x20084000                __top_RamAHB32 = 0x20084000

.text           0x00000000     0x3274
 FILL mask 0xff
                0x00000000                __vectors_start__ = ABSOLUTE (.)
 *(.isr_vector)
 .isr_vector    0x00000000       0xcc ./src/cr_startup_lpc175x_6x.o
                0x00000000                g_pfnVectors
                0x000000cc                . = ALIGN (0x4)
                0x000000cc                __section_table_start = .
                0x000000cc                __data_section_table = .
                0x000000cc        0x4 LONG 0x3274 LOADADDR (.data)
                0x000000d0        0x4 LONG 0x10000000 ADDR (.data)
                0x000000d4        0x4 LONG 0xc SIZEOF (.data)
                0x000000d8        0x4 LONG 0x3274 LOADADDR (.data_RAM2)
                0x000000dc        0x4 LONG 0x2007c000 ADDR (.data_RAM2)
                0x000000e0        0x4 LONG 0x0 SIZEOF (.data_RAM2)
                0x000000e4                __data_section_table_end = .
                0x000000e4                __bss_section_table = .
                0x000000e4        0x4 LONG 0x1000000c ADDR (.bss)
                0x000000e8        0x4 LONG 0x2e8 SIZEOF (.bss)
                0x000000ec        0x4 LONG 0x2007c000 ADDR (.bss_RAM2)
                0x000000f0        0x4 LONG 0x0 SIZEOF (.bss_RAM2)
                0x000000f4                __bss_section_table_end = .
                0x000000f4                __section_table_end = .
 *(.after_vectors*)
 .after_vectors
                0x000000f4      0x140 ./src/cr_startup_lpc175x_6x.o
                0x000000f4                data_init
                0x00000138                bss_init
                0x00000170                ResetISR
                0x000001e4                NMI_Handler
                0x000001ec                HardFault_Handler
                0x000001f4                MemManage_Handler
                0x000001fc                BusFault_Handler
                0x00000204                UsageFault_Handler
                0x0000020c                SVC_Handler
                0x00000214                DebugMon_Handler
                0x0000021c                PendSV_Handler
                0x0000022c                EINT3_IRQHandler
                0x0000022c                CANActivity_IRQHandler
                0x0000022c                TIMER3_IRQHandler
                0x0000022c                USBActivity_IRQHandler
                0x0000022c                UART1_IRQHandler
                0x0000022c                IntDefaultHandler
                0x0000022c                PLL0_IRQHandler
                0x0000022c                I2C0_IRQHandler
                0x0000022c                PLL1_IRQHandler
                0x0000022c                SSP0_IRQHandler
                0x0000022c                EINT2_IRQHandler
                0x0000022c                I2C2_IRQHandler
                0x0000022c                TIMER0_IRQHandler
                0x0000022c                SPI_IRQHandler
                0x0000022c                RIT_IRQHandler
                0x0000022c                EINT1_IRQHandler
                0x0000022c                TIMER1_IRQHandler
                0x0000022c                UART2_IRQHandler
                0x0000022c                SSP1_IRQHandler
                0x0000022c                USB_IRQHandler
                0x0000022c                BOD_IRQHandler
                0x0000022c                I2C1_IRQHandler
                0x0000022c                WDT_IRQHandler
                0x0000022c                I2S_IRQHandler
                0x0000022c                QEI_IRQHandler
                0x0000022c                CAN_IRQHandler
                0x0000022c                DMA_IRQHandler
                0x0000022c                TIMER2_IRQHandler
                0x0000022c                UART3_IRQHandler
                0x0000022c                MCPWM_IRQHandler
                0x0000022c                ENET_IRQHandler
 *(.text*)
 .text.Display  0x00000234       0xb4 ./src/Primitivas/PR_7seg.o
                0x00000234                Display
 .text.GetDemoraCartel
                0x000002e8       0x18 ./src/Primitivas/PR_LCD.o
                0x000002e8                GetDemoraCartel
 .text.SetDemoraCartel
                0x00000300       0x1c ./src/Primitivas/PR_LCD.o
                0x00000300                SetDemoraCartel
 .text.SetHora  0x0000031c       0x94 ./src/Primitivas/PR_LCD.o
                0x0000031c                SetHora
 .text.SetFecha
                0x000003b0       0x94 ./src/Primitivas/PR_LCD.o
                0x000003b0                SetFecha
 .text.SetFechaHora
                0x00000444       0x34 ./src/Primitivas/PR_LCD.o
                0x00000444                SetFechaHora
 .text.ShowHoraFecha
                0x00000478       0x3c ./src/Primitivas/PR_LCD.o
                0x00000478                ShowHoraFecha
 .text.ConversionhoraFecha
                0x000004b4      0x14c ./src/Primitivas/PR_LCD.o
                0x000004b4                ConversionhoraFecha
 .text.ActualizaHora
                0x00000600       0x7c ./src/Primitivas/PR_LCD.o
                0x00000600                ActualizaHora
 .text.ActualizaFecha
                0x0000067c      0x22c ./src/Primitivas/PR_LCD.o
                0x0000067c                ActualizaFecha
 .text.PushServo
                0x000008a8       0x68 ./src/Primitivas/PR_Pwm.o
                0x000008a8                PushServo
 .text.GetKey_Debounce
                0x00000910       0x20 ./src/Primitivas/PR_Teclado.o
                0x00000910                GetKey_Debounce
 .text.GetKey_Debounce_Sensores
                0x00000930       0x20 ./src/Primitivas/PR_Teclado.o
                0x00000930                GetKey_Debounce_Sensores
 .text.SetEstadia
                0x00000950       0x60 ./src/Primitivas/PR_Timer.o
                0x00000950                SetEstadia
 .text.ADC_IRQHandler
                0x000009b0       0x54 ./src/Drivers_LPC1769/DR_Adc.o
                0x000009b0                ADC_IRQHandler
 .text.EINT0_IRQHandler
                0x00000a04       0x1c ./src/Drivers_LPC1769/DR_EINT.o
                0x00000a04                EINT0_IRQHandler
 .text.InitPLL  0x00000a20      0x140 ./src/Drivers_LPC1769/DR_PLL.o
                0x00000a20                InitPLL
 .text.InicializarPWM
                0x00000b60      0x12c ./src/Drivers_LPC1769/DR_Pwm.o
                0x00000b60                InicializarPWM
 .text.PWM1_IRQHandler
                0x00000c8c       0x58 ./src/Drivers_LPC1769/DR_Pwm.o
                0x00000c8c                PWM1_IRQHandler
 .text.PopServo
                0x00000ce4       0x44 ./src/Drivers_LPC1769/DR_Pwm.o
                0x00000ce4                PopServo
 .text.Inic_RTC
                0x00000d28       0x40 ./src/Drivers_LPC1769/DR_RTC.o
                0x00000d28                Inic_RTC
 .text.RTC_HabilitaInterrupcion
                0x00000d68       0x44 ./src/Drivers_LPC1769/DR_RTC.o
                0x00000d68                RTC_HabilitaInterrupcion
 .text.RTC_IRQHandler
                0x00000dac       0x28 ./src/Drivers_LPC1769/DR_RTC.o
                0x00000dac                RTC_IRQHandler
 .text.SysTickInit
                0x00000dd4       0x40 ./src/Drivers_LPC1769/DR_SysTick.o
                0x00000dd4                SysTickInit
 .text.SysTick_Handler
                0x00000e14       0x78 ./src/Drivers_LPC1769/DR_SysTick.o
                0x00000e14                SysTick_Handler
 .text.SetDIR   0x00000e8c       0x74 ./src/Drivers_LPC1769/DR_gpio.o
                0x00000e8c                SetDIR
 .text.SetPIN   0x00000f00       0x78 ./src/Drivers_LPC1769/DR_gpio.o
                0x00000f00                SetPIN
 .text.SetMODE  0x00000f78       0x9c ./src/Drivers_LPC1769/DR_gpio.o
                0x00000f78                SetMODE
 .text.GetPIN   0x00001014       0x58 ./src/Drivers_LPC1769/DR_gpio.o
                0x00001014                GetPIN
 .text.SetMODE_OD
                0x0000106c       0x60 ./src/Drivers_LPC1769/DR_gpio.o
                0x0000106c                SetMODE_OD
 .text.SetPINSEL
                0x000010cc       0x88 ./src/Drivers_LPC1769/DR_pinsel.o
                0x000010cc                SetPINSEL
 .text.UART0_IRQHandler
                0x00001154       0x78 ./src/Drivers_LPC1769/DR_uart.o
                0x00001154                UART0_IRQHandler
 .text.UART0_Inicializacion
                0x000011cc       0x74 ./src/Drivers_LPC1769/DR_uart.o
                0x000011cc                UART0_Inicializacion
 .text.Push_RX  0x00001240       0x58 ./src/Drivers_LPC1769/DR_uart.o
                0x00001240                Push_RX
 .text.Pop_RX   0x00001298       0x78 ./src/Drivers_LPC1769/DR_uart.o
                0x00001298                Pop_RX
 .text.Push_TX  0x00001310       0x78 ./src/Drivers_LPC1769/DR_uart.o
                0x00001310                Push_TX
 .text.Pop_TX   0x00001388       0x78 ./src/Drivers_LPC1769/DR_uart.o
                0x00001388                Pop_TX
 .text.transmitir
                0x00001400       0x28 ./src/Drivers_LPC1769/DR_uart.o
                0x00001400                transmitir
 .text.Desentramado_Salida_2
                0x00001428      0x228 ./src/Drivers_LPC1769/DR_uart.o
                0x00001428                Desentramado_Salida_2
 .text.debounce
                0x00001650      0x11c ./src/Drivers_Infotronic/DR_Antirebote_Digital.o
                0x00001650                debounce
 .text.LCDDelay
                0x0000176c       0x28 ./src/Drivers_Infotronic/DR_LCD.o
                0x0000176c                LCDDelay
 .text.LatchLcd
                0x00001794       0x20 ./src/Drivers_Infotronic/DR_LCD.o
                0x00001794                LatchLcd
 .text.Display_lcd
                0x000017b4       0x58 ./src/Drivers_Infotronic/DR_LCD.o
                0x000017b4                Display_lcd
 .text.Inic_PinesLCD
                0x0000180c       0xf8 ./src/Drivers_Infotronic/DR_LCD.o
                0x0000180c                Inic_PinesLCD
 .text.WComando8
                0x00001904       0xc8 ./src/Drivers_Infotronic/DR_LCD.o
                0x00001904                WComando8
 .text.WComando4
                0x000019cc       0x70 ./src/Drivers_Infotronic/DR_LCD.o
                0x000019cc                WComando4
 .text.WDato    0x00001a3c       0xc8 ./src/Drivers_Infotronic/DR_LCD.o
                0x00001a3c                WDato
 .text.Inic_LCD
                0x00001b04       0x7c ./src/Drivers_Infotronic/DR_LCD.o
                0x00001b04                Inic_LCD
 .text.BarridoDisplay
                0x00001b80      0x19c ./src/Drivers_Infotronic/DR_Segmento.o
                0x00001b80                BarridoDisplay
 .text.Inicializar_Display
                0x00001d1c       0x94 ./src/Drivers_Infotronic/DR_Segmento.o
                0x00001d1c                Inicializar_Display
 .text.InicializarTeclado
                0x00001db0       0x9c ./src/Drivers_Infotronic/DR_Teclado.o
                0x00001db0                InicializarTeclado
 .text.main     0x00001e4c       0x3c ./src/Aplicacion/Infotronic_garage.o
                0x00001e4c                main
 .text.Inicializacion
                0x00001e88       0x2c ./src/Aplicacion/Inicializacion.o
                0x00001e88                Inicializacion
 .text.Maquina_estados_sensores_salida
                0x00001eb4      0x1e0 ./src/Aplicacion/maquina_estados.o
                0x00001eb4                Maquina_estados_sensores_salida
 .text.Maquina_estados_salida
                0x00002094      0x168 ./src/Aplicacion/maquina_estados.o
                0x00002094                Maquina_estados_salida
 .text.IngresoCodigo
                0x000021fc       0x9c ./src/Aplicacion/maquina_estados.o
                0x000021fc                IngresoCodigo
 .text.confirmocodigo
                0x00002298       0x2c ./src/Aplicacion/maquina_estados.o
                0x00002298                confirmocodigo
 .text.comprobacion
                0x000022c4       0x30 ./src/Aplicacion/maquina_estados.o
                0x000022c4                comprobacion
 .text.timerON  0x000022f4       0x28 ./src/Aplicacion/maquina_estados.o
                0x000022f4                timerON
 .text.timerOFF
                0x0000231c       0x34 ./src/Aplicacion/maquina_estados.o
                0x0000231c                timerOFF
 .text.Inhabilitar
                0x00002350       0x54 ./src/Aplicacion/maquina_estados.o
                0x00002350                Inhabilitar
 .text.abrirbarrera
                0x000023a4        0xc ./src/Aplicacion/maquina_estados.o
                0x000023a4                abrirbarrera
 .text.cerrarbarrera
                0x000023b0        0xc ./src/Aplicacion/maquina_estados.o
                0x000023b0                cerrarbarrera
 .text.saliocodigo
                0x000023bc       0x38 ./src/Aplicacion/maquina_estados.o
                0x000023bc                saliocodigo
 .text.Maquina_SetHora
                0x000023f4      0x16c ./src/Aplicacion/maquina_estados.o
                0x000023f4                Maquina_SetHora
 .text.Maquina_SetFecha
                0x00002560      0x16c ./src/Aplicacion/maquina_estados.o
                0x00002560                Maquina_SetFecha
 .text.__main   0x000026cc       0x14 c:/nxp/lpcxpresso_7.7.2_379/lpcxpresso/tools/bin/../lib/gcc/arm-none-eabi/4.9.3/../../../../arm-none-eabi/lib/armv7-m\libcr_semihost.a(_cr__main.o)
                0x000026cc                __CR_SEMIHOST
                0x000026cc                __main
 .text._initio  0x000026e0       0xa4 c:/nxp/lpcxpresso_7.7.2_379/lpcxpresso/tools/bin/../lib/gcc/arm-none-eabi/4.9.3/../../../../arm-none-eabi/lib/armv7-m\libcr_c.a(initio.o)
                0x000026e0                _initio
 .text.itoa     0x00002784       0x5c c:/nxp/lpcxpresso_7.7.2_379/lpcxpresso/tools/bin/../lib/gcc/arm-none-eabi/4.9.3/../../../../arm-none-eabi/lib/armv7-m\libcr_c.a(itoa.o)
                0x00002784                itoa
 .text.ch_val   0x000027e0       0x30 c:/nxp/lpcxpresso_7.7.2_379/lpcxpresso/tools/bin/../lib/gcc/arm-none-eabi/4.9.3/../../../../arm-none-eabi/lib/armv7-m\libcr_c.a(scanf.o)
 .text._strtoul
                0x00002810       0xbc c:/nxp/lpcxpresso_7.7.2_379/lpcxpresso/tools/bin/../lib/gcc/arm-none-eabi/4.9.3/../../../../arm-none-eabi/lib/armv7-m\libcr_c.a(scanf.o)
 .text.strtol   0x000028cc       0x78 c:/nxp/lpcxpresso_7.7.2_379/lpcxpresso/tools/bin/../lib/gcc/arm-none-eabi/4.9.3/../../../../arm-none-eabi/lib/armv7-m\libcr_c.a(scanf.o)
                0x000028cc                strtol
 .text.atoi     0x00002944       0x18 c:/nxp/lpcxpresso_7.7.2_379/lpcxpresso/tools/bin/../lib/gcc/arm-none-eabi/4.9.3/../../../../arm-none-eabi/lib/armv7-m\libcr_c.a(scanf.o)
                0x00002944                atoi
 .text.setvbuf  0x0000295c       0x40 c:/nxp/lpcxpresso_7.7.2_379/lpcxpresso/tools/bin/../lib/gcc/arm-none-eabi/4.9.3/../../../../arm-none-eabi/lib/armv7-m\libcr_c.a(setvbuf.o)
                0x0000295c                setvbuf
 .text.strcpy   0x0000299c       0x42 c:/nxp/lpcxpresso_7.7.2_379/lpcxpresso/tools/bin/../lib/gcc/arm-none-eabi/4.9.3/../../../../arm-none-eabi/lib/armv7-m\libcr_c.a(strcpy.o)
                0x0000299c                strcpy
 .text.strlen   0x000029de       0x4a c:/nxp/lpcxpresso_7.7.2_379/lpcxpresso/tools/bin/../lib/gcc/arm-none-eabi/4.9.3/../../../../arm-none-eabi/lib/armv7-m\libcr_c.a(strlen.o)
                0x000029de                strlen
 .text.memset   0x00002a28        0x4 c:/nxp/lpcxpresso_7.7.2_379/lpcxpresso/tools/bin/../lib/gcc/arm-none-eabi/4.9.3/../../../../arm-none-eabi/lib/armv7-m\libcr_c.a(memset.o)
                0x00002a28                memset
 .text._deferredlazyseek
                0x00002a2c       0x44 c:/nxp/lpcxpresso_7.7.2_379/lpcxpresso/tools/bin/../lib/gcc/arm-none-eabi/4.9.3/../../../../arm-none-eabi/lib/armv7-m\libcr_c.a(_deferredlazyseek.o)
                0x00002a2c                _deferredlazyseek
 .text._fdopen  0x00002a70       0x6a c:/nxp/lpcxpresso_7.7.2_379/lpcxpresso/tools/bin/../lib/gcc/arm-none-eabi/4.9.3/../../../../arm-none-eabi/lib/armv7-m\libcr_c.a(_fdopen.o)
                0x00002a70                _fdopen
 .text._fflush  0x00002ada       0x58 c:/nxp/lpcxpresso_7.7.2_379/lpcxpresso/tools/bin/../lib/gcc/arm-none-eabi/4.9.3/../../../../arm-none-eabi/lib/armv7-m\libcr_c.a(_fflush.o)
                0x00002ada                _fflush
 *fill*         0x00002b32        0x2 
 .text._Cwritebuf
                0x00002b34       0x70 c:/nxp/lpcxpresso_7.7.2_379/lpcxpresso/tools/bin/../lib/gcc/arm-none-eabi/4.9.3/../../../../arm-none-eabi/lib/armv7-m\libcr_c.a(_writebuf.o)
                0x00002b34                _Cwritebuf
 .text.malloc   0x00002ba4       0xcc c:/nxp/lpcxpresso_7.7.2_379/lpcxpresso/tools/bin/../lib/gcc/arm-none-eabi/4.9.3/../../../../arm-none-eabi/lib/armv7-m\libcr_c.a(alloc.o)
                0x00002ba4                malloc
 .text.free     0x00002c70       0x30 c:/nxp/lpcxpresso_7.7.2_379/lpcxpresso/tools/bin/../lib/gcc/arm-none-eabi/4.9.3/../../../../arm-none-eabi/lib/armv7-m\libcr_c.a(alloc.o)
                0x00002c70                free
 .text._Csys_alloc
                0x00002ca0       0x20 c:/nxp/lpcxpresso_7.7.2_379/lpcxpresso/tools/bin/../lib/gcc/arm-none-eabi/4.9.3/../../../../arm-none-eabi/lib/armv7-m\libcr_c.a(alloc.o)
                0x00002ca0                _Csys_alloc
 .text.fclose   0x00002cc0       0x6c c:/nxp/lpcxpresso_7.7.2_379/lpcxpresso/tools/bin/../lib/gcc/arm-none-eabi/4.9.3/../../../../arm-none-eabi/lib/armv7-m\libcr_c.a(fclose.o)
                0x00002cc0                fclose
 .text.fflush   0x00002d2c       0x30 c:/nxp/lpcxpresso_7.7.2_379/lpcxpresso/tools/bin/../lib/gcc/arm-none-eabi/4.9.3/../../../../arm-none-eabi/lib/armv7-m\libcr_c.a(fflush.o)
                0x00002d2c                fflush
 .text.fseek    0x00002d5c      0x110 c:/nxp/lpcxpresso_7.7.2_379/lpcxpresso/tools/bin/../lib/gcc/arm-none-eabi/4.9.3/../../../../arm-none-eabi/lib/armv7-m\libcr_c.a(fseek.o)
                0x00002d5c                fseek
 .text.ftell    0x00002e6c       0x4c c:/nxp/lpcxpresso_7.7.2_379/lpcxpresso/tools/bin/../lib/gcc/arm-none-eabi/4.9.3/../../../../arm-none-eabi/lib/armv7-m\libcr_c.a(ftell.o)
                0x00002e6c                ftell
 .text.remove   0x00002eb8       0x14 c:/nxp/lpcxpresso_7.7.2_379/lpcxpresso/tools/bin/../lib/gcc/arm-none-eabi/4.9.3/../../../../arm-none-eabi/lib/armv7-m\libcr_c.a(remove.o)
                0x00002eb8                remove
 .text._sbrk    0x00002ecc       0x40 c:/nxp/lpcxpresso_7.7.2_379/lpcxpresso/tools/bin/../lib/gcc/arm-none-eabi/4.9.3/../../../../arm-none-eabi/lib/armv7-m\libcr_c.a(_cr_sbrk.o)
                0x00002ecc                _sbrk
 .text._do_fflush
                0x00002f0c       0x44 c:/nxp/lpcxpresso_7.7.2_379/lpcxpresso/tools/bin/../lib/gcc/arm-none-eabi/4.9.3/../../../../arm-none-eabi/lib/armv7-m\libcr_c.a(_do_fflush.o)
                0x00002f0c                _do_fflush
 .text.__check_heap_overflow
                0x00002f50       0x18 c:/nxp/lpcxpresso_7.7.2_379/lpcxpresso/tools/bin/../lib/gcc/arm-none-eabi/4.9.3/../../../../arm-none-eabi/lib/armv7-m\libcr_c.a(_cr_check_heap.o)
                0x00002f50                __check_heap_overflow
 .text.__aeabi_memset_lowlevel
                0x00002f68       0x32 c:/nxp/lpcxpresso_7.7.2_379/lpcxpresso/tools/bin/../lib/gcc/arm-none-eabi/4.9.3/armv7-m\libcr_eabihelpers.a(memcpy.o)
                0x00002f68                __aeabi_lowlevel_memset
 *fill*         0x00002f9a        0x2 
 .text.__sys_appexit
                0x00002f9c        0xc c:/nxp/lpcxpresso_7.7.2_379/lpcxpresso/tools/bin/../lib/gcc/arm-none-eabi/4.9.3/../../../../arm-none-eabi/lib/armv7-m\libcr_semihost.a(__sys_appexit.o)
                0x00002f9c                __sys_appexit
                0x00002f9c                __exit
 .text.__sys_close
                0x00002fa8        0xc c:/nxp/lpcxpresso_7.7.2_379/lpcxpresso/tools/bin/../lib/gcc/arm-none-eabi/4.9.3/../../../../arm-none-eabi/lib/armv7-m\libcr_semihost.a(__sys_close.o)
                0x00002fa8                __sys_close
 .text.__sys_flen
                0x00002fb4        0xc c:/nxp/lpcxpresso_7.7.2_379/lpcxpresso/tools/bin/../lib/gcc/arm-none-eabi/4.9.3/../../../../arm-none-eabi/lib/armv7-m\libcr_semihost.a(__sys_flen.o)
                0x00002fb4                __sys_flen
 .text.__sys_istty
                0x00002fc0        0xc c:/nxp/lpcxpresso_7.7.2_379/lpcxpresso/tools/bin/../lib/gcc/arm-none-eabi/4.9.3/../../../../arm-none-eabi/lib/armv7-m\libcr_semihost.a(__sys_istty.o)
                0x00002fc0                __sys_istty
 .text.__sys_remove
                0x00002fcc        0xc c:/nxp/lpcxpresso_7.7.2_379/lpcxpresso/tools/bin/../lib/gcc/arm-none-eabi/4.9.3/../../../../arm-none-eabi/lib/armv7-m\libcr_semihost.a(__sys_remove.o)
                0x00002fcc                __sys_remove
 .text.__sys_seek
                0x00002fd8        0xc c:/nxp/lpcxpresso_7.7.2_379/lpcxpresso/tools/bin/../lib/gcc/arm-none-eabi/4.9.3/../../../../arm-none-eabi/lib/armv7-m\libcr_semihost.a(__sys_seek.o)
                0x00002fd8                __sys_seek
 .text.__sys_tmpnam
                0x00002fe4        0xc c:/nxp/lpcxpresso_7.7.2_379/lpcxpresso/tools/bin/../lib/gcc/arm-none-eabi/4.9.3/../../../../arm-none-eabi/lib/armv7-m\libcr_semihost.a(__sys_tmpnam.o)
                0x00002fe4                __sys_tmpnam
 .text.__sys_write
                0x00002ff0        0xc c:/nxp/lpcxpresso_7.7.2_379/lpcxpresso/tools/bin/../lib/gcc/arm-none-eabi/4.9.3/../../../../arm-none-eabi/lib/armv7-m\libcr_semihost.a(__sys_write.o)
                0x00002ff0                __sys_write
                0x00002ff0                __write
 *(.rodata .rodata.* .constdata .constdata.*)
 .rodata.Tabla_Digitos_BCD_7seg
                0x00002ffc        0xc ./src/Primitivas/PR_7seg.o
                0x00002ffc                Tabla_Digitos_BCD_7seg
 .rodata        0x00003008        0xc ./src/Drivers_LPC1769/DR_uart.o
 .rodata        0x00003014        0x4 ./src/Aplicacion/Infotronic_garage.o
 .rodata        0x00003018       0xac ./src/Aplicacion/maquina_estados.o
 .rodata.str1.1
                0x000030c4        0x4 c:/nxp/lpcxpresso_7.7.2_379/lpcxpresso/tools/bin/../lib/gcc/arm-none-eabi/4.9.3/../../../../arm-none-eabi/lib/armv7-m\libcr_c.a(initio.o)
 .rodata.digits
                0x000030c8       0x11 c:/nxp/lpcxpresso_7.7.2_379/lpcxpresso/tools/bin/../lib/gcc/arm-none-eabi/4.9.3/../../../../arm-none-eabi/lib/armv7-m\libcr_c.a(itoa.o)
 .rodata.str1.1
                0x000030d9       0x18 c:/nxp/lpcxpresso_7.7.2_379/lpcxpresso/tools/bin/../lib/gcc/arm-none-eabi/4.9.3/../../../../arm-none-eabi/lib/armv7-m\libcr_c.a(alloc.o)
 .rodata.__ctype
                0x000030f1      0x180 c:/nxp/lpcxpresso_7.7.2_379/lpcxpresso/tools/bin/../lib/gcc/arm-none-eabi/4.9.3/../../../../arm-none-eabi/lib/armv7-m\libcr_c.a(ctype.o)
                0x000030f1                __ctype
                0x00003274                . = ALIGN (0x4)
 *fill*         0x00003271        0x3 ff

.glue_7         0x00003274        0x0
 .glue_7        0x00000000        0x0 linker stubs

.glue_7t        0x00003274        0x0
 .glue_7t       0x00000000        0x0 linker stubs

.vfp11_veneer   0x00003274        0x0
 .vfp11_veneer  0x00000000        0x0 linker stubs

.v4_bx          0x00003274        0x0
 .v4_bx         0x00000000        0x0 linker stubs

.iplt           0x00003274        0x0
 .iplt          0x00000000        0x0 ./src/Primitivas/PR_7Seg_Expansion3.o

.rel.dyn        0x00003274        0x0
 .rel.iplt      0x00000000        0x0 ./src/Primitivas/PR_7Seg_Expansion3.o

.ARM.extab
 *(.ARM.extab* .gnu.linkonce.armextab.*)
                0x00003274                __exidx_start = .

.ARM.exidx
 *(.ARM.exidx* .gnu.linkonce.armexidx.*)
                0x00003274                __exidx_end = .
                0x00003274                _etext = .

.data_RAM2      0x2007c000        0x0 load address 0x00003274
 FILL mask 0xff
                0x2007c000                PROVIDE (__start_data_RAM2, .)
 *(.ramfunc.$RAM2)
 *(.ramfunc.$RamAHB32)
 *(.data.$RAM2*)
 *(.data.$RamAHB32*)
                0x2007c000                . = ALIGN (0x4)
                0x2007c000                PROVIDE (__end_data_RAM2, .)

.uninit_RESERVED
                0x10000000        0x0
 *(.bss.$RESERVED*)
                0x10000000                . = ALIGN (0x4)
                0x10000000                _end_uninit_RESERVED = .

.data           0x10000000        0xc load address 0x00003274
 FILL mask 0xff
                0x10000000                _data = .
 *(vtable)
 *(.ramfunc*)
 *(.data*)
 .data.contadorseg
                0x10000000        0x2 ./src/Primitivas/PR_Timer.o
                0x10000000                contadorseg
 *fill*         0x10000002        0x2 
 .data.Ultima_conver.3679
                0x10000004        0x4 ./src/Drivers_LPC1769/DR_Adc.o
 .data.aux.5094
                0x10000008        0x2 ./src/Drivers_LPC1769/DR_uart.o
 .data.estados.5037
                0x1000000a        0x1 ./src/Aplicacion/maquina_estados.o
 .data.estado.5066
                0x1000000b        0x1 ./src/Aplicacion/maquina_estados.o
                0x1000000c                . = ALIGN (0x4)
                0x1000000c                _edata = .

.igot.plt       0x1000000c        0x0 load address 0x00003280
 .igot.plt      0x00000000        0x0 ./src/Primitivas/PR_7Seg_Expansion3.o

.bss_RAM2       0x2007c000        0x0
                0x2007c000                PROVIDE (__start_bss_RAM2, .)
 *(.bss.$RAM2*)
 *(.bss.$RamAHB32*)
                0x2007c000                . = ALIGN (0x4)
                0x2007c000                PROVIDE (__end_bss_RAM2, .)

.bss            0x1000000c      0x2e8
                0x1000000c                _bss = .
 *(.bss*)
 .bss.DemoraCartel
                0x1000000c        0x4 ./src/Primitivas/PR_LCD.o
                0x1000000c                DemoraCartel
 .bss.dia_tick  0x10000010        0x1 ./src/Primitivas/PR_LCD.o
                0x10000010                dia_tick
 *fill*         0x10000011        0x3 
 .bss.contadormin
                0x10000014       0x10 ./src/Primitivas/PR_Timer.o
                0x10000014                contadormin
 .bss.contadorhs
                0x10000024       0x10 ./src/Primitivas/PR_Timer.o
                0x10000024                contadorhs
 .bss.contadordias
                0x10000034       0x10 ./src/Primitivas/PR_Timer.o
                0x10000034                contadordias
 .bss.Buff_PWM  0x10000044        0x8 ./src/Drivers_LPC1769/DR_Pwm.o
                0x10000044                Buff_PWM
 .bss.f_tick_rtc
                0x1000004c        0x4 ./src/Drivers_LPC1769/DR_RTC.o
                0x1000004c                f_tick_rtc
 .bss.vector_flag
                0x10000050        0x8 ./src/Drivers_LPC1769/DR_SysTick.o
                0x10000050                vector_flag
 .bss.vector_estadia
                0x10000058       0x10 ./src/Drivers_LPC1769/DR_SysTick.o
                0x10000058                vector_estadia
 .bss.a.5030    0x10000068        0x1 ./src/Drivers_LPC1769/DR_SysTick.o
 .bss.inx_TX_out
                0x10000069        0x1 ./src/Drivers_LPC1769/DR_uart.o
                0x10000069                inx_TX_out
 .bss.inx_TX_in
                0x1000006a        0x1 ./src/Drivers_LPC1769/DR_uart.o
                0x1000006a                inx_TX_in
 .bss.inx_RX_out
                0x1000006b        0x1 ./src/Drivers_LPC1769/DR_uart.o
                0x1000006b                inx_RX_out
 .bss.inx_RX_in
                0x1000006c        0x1 ./src/Drivers_LPC1769/DR_uart.o
                0x1000006c                inx_RX_in
 .bss.fEnviando
                0x1000006d        0x1 ./src/Drivers_LPC1769/DR_uart.o
                0x1000006d                fEnviando
 .bss.estado.5091
                0x1000006e        0x1 ./src/Drivers_LPC1769/DR_uart.o
 .bss.estado_hora.5092
                0x1000006f        0x1 ./src/Drivers_LPC1769/DR_uart.o
 .bss.estado_fecha.5093
                0x10000070        0x1 ./src/Drivers_LPC1769/DR_uart.o
 *fill*         0x10000071        0x3 
 .bss.ContEstados.3697
                0x10000074        0x8 ./src/Drivers_Infotronic/DR_Antirebote_Digital.o
 .bss.Indice_Display.3670
                0x1000007c        0x1 ./src/Drivers_Infotronic/DR_Segmento.o
 *fill*         0x1000007d        0x3 
 .bss.autos     0x10000080        0x4 ./src/Aplicacion/maquina_estados.o
                0x10000080                autos
 .bss.teclas.5039
                0x10000084        0x1 ./src/Aplicacion/maquina_estados.o
 .bss.sentido.5038
                0x10000085        0x1 ./src/Aplicacion/maquina_estados.o
 .bss.FlagAntiBloqueo.5067
                0x10000086        0x1 ./src/Aplicacion/maquina_estados.o
 .bss.FlagAntiBloqueo2.5068
                0x10000087        0x1 ./src/Aplicacion/maquina_estados.o
 .bss.yapresione.5087
                0x10000088        0x1 ./src/Aplicacion/maquina_estados.o
 .bss.codigo.5086
                0x10000089        0x1 ./src/Aplicacion/maquina_estados.o
 *fill*         0x1000008a        0x2 
 .bss.c2.5119   0x1000008c        0x4 ./src/Aplicacion/maquina_estados.o
 .bss.estado.5134
                0x10000090        0x1 ./src/Aplicacion/maquina_estados.o
 *fill*         0x10000091        0x3 
 .bss.hora.5133
                0x10000094        0xc ./src/Aplicacion/maquina_estados.o
 .bss.estado.5148
                0x100000a0        0x1 ./src/Aplicacion/maquina_estados.o
 *fill*         0x100000a1        0x3 
 .bss.fecha.5147
                0x100000a4        0xc ./src/Aplicacion/maquina_estados.o
 .bss.errno     0x100000b0        0x4 c:/nxp/lpcxpresso_7.7.2_379/lpcxpresso/tools/bin/../lib/gcc/arm-none-eabi/4.9.3/../../../../arm-none-eabi/lib/armv7-m\libcr_c.a(errno.o)
                0x100000b0                errno
 *(COMMON)
 COMMON         0x100000b4       0x18 ./src/Primitivas/PR_LCD.o
                0x100000b4                horafecha
 COMMON         0x100000cc        0x4 ./src/Drivers_LPC1769/DR_Adc.o
                0x100000cc                Vlr_Mdd
 COMMON         0x100000d0       0xc8 ./src/Drivers_LPC1769/DR_uart.o
                0x100000d0                bufferRX
                0x10000134                bufferTX
 COMMON         0x10000198        0x1 ./src/Drivers_Infotronic/DR_Antirebote_Digital.o
                0x10000198                Buffer_Debounce
 *fill*         0x10000199        0x3 
 COMMON         0x1000019c        0x4 ./src/Drivers_Infotronic/DR_LCD.o
                0x1000019c                DemoraLCD
 COMMON         0x100001a0        0x6 ./src/Drivers_Infotronic/DR_Segmento.o
                0x100001a0                Digito_Display
 *fill*         0x100001a6        0x2 
 COMMON         0x100001a8        0x4 c:/nxp/lpcxpresso_7.7.2_379/lpcxpresso/tools/bin/../lib/gcc/arm-none-eabi/4.9.3/../../../../arm-none-eabi/lib/armv7-m\libcr_c.a(initio.o)
                0x100001a8                _extra
 COMMON         0x100001ac      0x140 c:/nxp/lpcxpresso_7.7.2_379/lpcxpresso/tools/bin/../lib/gcc/arm-none-eabi/4.9.3/../../../../arm-none-eabi/lib/armv7-m\libcr_c.a(stdio.o)
                0x100001ac                __Ciob
 COMMON         0x100002ec        0x8 c:/nxp/lpcxpresso_7.7.2_379/lpcxpresso/tools/bin/../lib/gcc/arm-none-eabi/4.9.3/../../../../arm-none-eabi/lib/armv7-m\libcr_c.a(__init_alloc.o)
                0x100002ec                __heaps
                0x100002f0                __end_of_heap
                0x100002f4                . = ALIGN (0x4)
                0x100002f4                _ebss = .
                0x100002f4                PROVIDE (end, .)

.noinit_RAM2    0x2007c000        0x0
 *(.noinit.$RAM2*)
 *(.noinit.$RamAHB32*)
                0x2007c000                . = ALIGN (0x4)

.noinit         0x100002f4        0x0
                0x100002f4                _noinit = .
 *(.noinit*)
                0x100002f4                . = ALIGN (0x4)
                0x100002f4                _end_noinit = .
                0x100002f4                PROVIDE (_pvHeapStart, DEFINED (__user_heap_base)?__user_heap_base:.)
                0x10008000                PROVIDE (_vStackTop, DEFINED (__user_stack_top)?__user_stack_top:(__top_RamLoc32 - 0x0))
OUTPUT(TPO_v22_0_salida.axf elf32-littlearm)

.debug_info     0x00000000     0x2215
 .debug_info    0x00000000      0x103 ./src/Primitivas/PR_7seg.o
 .debug_info    0x00000103      0x265 ./src/Primitivas/PR_LCD.o
 .debug_info    0x00000368       0xa9 ./src/Primitivas/PR_Pwm.o
 .debug_info    0x00000411       0xba ./src/Primitivas/PR_Teclado.o
 .debug_info    0x000004cb      0x3bf ./src/Primitivas/PR_Timer.o
 .debug_info    0x0000088a       0xa8 ./src/Drivers_LPC1769/DR_Adc.o
 .debug_info    0x00000932       0x81 ./src/Drivers_LPC1769/DR_EINT.o
 .debug_info    0x000009b3       0x70 ./src/Drivers_LPC1769/DR_PLL.o
 .debug_info    0x00000a23       0xd2 ./src/Drivers_LPC1769/DR_Pwm.o
 .debug_info    0x00000af5       0xd2 ./src/Drivers_LPC1769/DR_RTC.o
 .debug_info    0x00000bc7      0x205 ./src/Drivers_LPC1769/DR_SysTick.o
 .debug_info    0x00000dcc      0x201 ./src/Drivers_LPC1769/DR_gpio.o
 .debug_info    0x00000fcd       0xa6 ./src/Drivers_LPC1769/DR_pinsel.o
 .debug_info    0x00001073      0x42f ./src/Drivers_LPC1769/DR_uart.o
 .debug_info    0x000014a2       0xc7 ./src/Drivers_Infotronic/DR_Antirebote_Digital.o
 .debug_info    0x00001569      0x1bb ./src/Drivers_Infotronic/DR_LCD.o
 .debug_info    0x00001724       0xcd ./src/Drivers_Infotronic/DR_Segmento.o
 .debug_info    0x000017f1      0x123 ./src/Drivers_Infotronic/DR_Teclado.o
 .debug_info    0x00001914       0x85 ./src/Aplicacion/Infotronic_garage.o
 .debug_info    0x00001999       0xbd ./src/Aplicacion/Inicializacion.o
 .debug_info    0x00001a56      0x574 ./src/Aplicacion/maquina_estados.o
 .debug_info    0x00001fca      0x24b ./src/cr_startup_lpc175x_6x.o

.debug_abbrev   0x00000000     0x103a
 .debug_abbrev  0x00000000       0xad ./src/Primitivas/PR_7seg.o
 .debug_abbrev  0x000000ad      0x145 ./src/Primitivas/PR_LCD.o
 .debug_abbrev  0x000001f2       0x89 ./src/Primitivas/PR_Pwm.o
 .debug_abbrev  0x0000027b       0x76 ./src/Primitivas/PR_Teclado.o
 .debug_abbrev  0x000002f1      0x13a ./src/Primitivas/PR_Timer.o
 .debug_abbrev  0x0000042b       0x8c ./src/Drivers_LPC1769/DR_Adc.o
 .debug_abbrev  0x000004b7       0x6a ./src/Drivers_LPC1769/DR_EINT.o
 .debug_abbrev  0x00000521       0x52 ./src/Drivers_LPC1769/DR_PLL.o
 .debug_abbrev  0x00000573       0xbd ./src/Drivers_LPC1769/DR_Pwm.o
 .debug_abbrev  0x00000630       0x8c ./src/Drivers_LPC1769/DR_RTC.o
 .debug_abbrev  0x000006bc      0x111 ./src/Drivers_LPC1769/DR_SysTick.o
 .debug_abbrev  0x000007cd       0xd4 ./src/Drivers_LPC1769/DR_gpio.o
 .debug_abbrev  0x000008a1       0x70 ./src/Drivers_LPC1769/DR_pinsel.o
 .debug_abbrev  0x00000911      0x14b ./src/Drivers_LPC1769/DR_uart.o
 .debug_abbrev  0x00000a5c       0x95 ./src/Drivers_Infotronic/DR_Antirebote_Digital.o
 .debug_abbrev  0x00000af1       0xd4 ./src/Drivers_Infotronic/DR_LCD.o
 .debug_abbrev  0x00000bc5       0x9e ./src/Drivers_Infotronic/DR_Segmento.o
 .debug_abbrev  0x00000c63       0xc9 ./src/Drivers_Infotronic/DR_Teclado.o
 .debug_abbrev  0x00000d2c       0x47 ./src/Aplicacion/Infotronic_garage.o
 .debug_abbrev  0x00000d73       0x79 ./src/Aplicacion/Inicializacion.o
 .debug_abbrev  0x00000dec      0x159 ./src/Aplicacion/maquina_estados.o
 .debug_abbrev  0x00000f45       0xf5 ./src/cr_startup_lpc175x_6x.o

.debug_aranges  0x00000000      0x550
 .debug_aranges
                0x00000000       0x20 ./src/Primitivas/PR_7seg.o
 .debug_aranges
                0x00000020       0x60 ./src/Primitivas/PR_LCD.o
 .debug_aranges
                0x00000080       0x20 ./src/Primitivas/PR_Pwm.o
 .debug_aranges
                0x000000a0       0x28 ./src/Primitivas/PR_Teclado.o
 .debug_aranges
                0x000000c8       0x68 ./src/Primitivas/PR_Timer.o
 .debug_aranges
                0x00000130       0x28 ./src/Drivers_LPC1769/DR_Adc.o
 .debug_aranges
                0x00000158       0x28 ./src/Drivers_LPC1769/DR_EINT.o
 .debug_aranges
                0x00000180       0x20 ./src/Drivers_LPC1769/DR_PLL.o
 .debug_aranges
                0x000001a0       0x30 ./src/Drivers_LPC1769/DR_Pwm.o
 .debug_aranges
                0x000001d0       0x30 ./src/Drivers_LPC1769/DR_RTC.o
 .debug_aranges
                0x00000200       0x28 ./src/Drivers_LPC1769/DR_SysTick.o
 .debug_aranges
                0x00000228       0x40 ./src/Drivers_LPC1769/DR_gpio.o
 .debug_aranges
                0x00000268       0x20 ./src/Drivers_LPC1769/DR_pinsel.o
 .debug_aranges
                0x00000288       0x70 ./src/Drivers_LPC1769/DR_uart.o
 .debug_aranges
                0x000002f8       0x20 ./src/Drivers_Infotronic/DR_Antirebote_Digital.o
 .debug_aranges
                0x00000318       0x60 ./src/Drivers_Infotronic/DR_LCD.o
 .debug_aranges
                0x00000378       0x28 ./src/Drivers_Infotronic/DR_Segmento.o
 .debug_aranges
                0x000003a0       0x30 ./src/Drivers_Infotronic/DR_Teclado.o
 .debug_aranges
                0x000003d0       0x20 ./src/Aplicacion/Infotronic_garage.o
 .debug_aranges
                0x000003f0       0x30 ./src/Aplicacion/Inicializacion.o
 .debug_aranges
                0x00000420       0xb0 ./src/Aplicacion/maquina_estados.o
 .debug_aranges
                0x000004d0       0x80 ./src/cr_startup_lpc175x_6x.o

.debug_ranges   0x00000000      0x3f0
 .debug_ranges  0x00000000       0x10 ./src/Primitivas/PR_7seg.o
 .debug_ranges  0x00000010       0x50 ./src/Primitivas/PR_LCD.o
 .debug_ranges  0x00000060       0x10 ./src/Primitivas/PR_Pwm.o
 .debug_ranges  0x00000070       0x18 ./src/Primitivas/PR_Teclado.o
 .debug_ranges  0x00000088       0x58 ./src/Primitivas/PR_Timer.o
 .debug_ranges  0x000000e0       0x18 ./src/Drivers_LPC1769/DR_Adc.o
 .debug_ranges  0x000000f8       0x18 ./src/Drivers_LPC1769/DR_EINT.o
 .debug_ranges  0x00000110       0x10 ./src/Drivers_LPC1769/DR_PLL.o
 .debug_ranges  0x00000120       0x20 ./src/Drivers_LPC1769/DR_Pwm.o
 .debug_ranges  0x00000140       0x20 ./src/Drivers_LPC1769/DR_RTC.o
 .debug_ranges  0x00000160       0x18 ./src/Drivers_LPC1769/DR_SysTick.o
 .debug_ranges  0x00000178       0x30 ./src/Drivers_LPC1769/DR_gpio.o
 .debug_ranges  0x000001a8       0x10 ./src/Drivers_LPC1769/DR_pinsel.o
 .debug_ranges  0x000001b8       0x60 ./src/Drivers_LPC1769/DR_uart.o
 .debug_ranges  0x00000218       0x10 ./src/Drivers_Infotronic/DR_Antirebote_Digital.o
 .debug_ranges  0x00000228       0x50 ./src/Drivers_Infotronic/DR_LCD.o
 .debug_ranges  0x00000278       0x18 ./src/Drivers_Infotronic/DR_Segmento.o
 .debug_ranges  0x00000290       0x20 ./src/Drivers_Infotronic/DR_Teclado.o
 .debug_ranges  0x000002b0       0x10 ./src/Aplicacion/Infotronic_garage.o
 .debug_ranges  0x000002c0       0x20 ./src/Aplicacion/Inicializacion.o
 .debug_ranges  0x000002e0       0xa0 ./src/Aplicacion/maquina_estados.o
 .debug_ranges  0x00000380       0x70 ./src/cr_startup_lpc175x_6x.o

.debug_macro    0x00000000     0x1fc6
 .debug_macro   0x00000000       0x3a ./src/Primitivas/PR_7seg.o
 .debug_macro   0x0000003a       0x10 ./src/Primitivas/PR_7seg.o
 .debug_macro   0x0000004a       0x7b ./src/Primitivas/PR_LCD.o
 .debug_macro   0x000000c5       0xdc ./src/Primitivas/PR_LCD.o
 .debug_macro   0x000001a1       0x28 ./src/Primitivas/PR_LCD.o
 .debug_macro   0x000001c9       0x4c ./src/Primitivas/PR_LCD.o
 .debug_macro   0x00000215       0x42 ./src/Primitivas/PR_Pwm.o
 .debug_macro   0x00000257      0x106 ./src/Primitivas/PR_Pwm.o
 .debug_macro   0x0000035d       0x22 ./src/Primitivas/PR_Pwm.o
 .debug_macro   0x0000037f       0x24 ./src/Primitivas/PR_Teclado.o
 .debug_macro   0x000003a3      0x294 ./src/Primitivas/PR_Timer.o
 .debug_macro   0x00000637       0x6a ./src/Primitivas/PR_Timer.o
 .debug_macro   0x000006a1      0x15b ./src/Drivers_LPC1769/DR_Adc.o
 .debug_macro   0x000007fc       0x32 ./src/Drivers_LPC1769/DR_EINT.o
 .debug_macro   0x0000082e       0x23 ./src/Drivers_LPC1769/DR_PLL.o
 .debug_macro   0x00000851       0x35 ./src/Drivers_LPC1769/DR_Pwm.o
 .debug_macro   0x00000886      0x38b ./src/Drivers_LPC1769/DR_RTC.o
 .debug_macro   0x00000c11       0x1c ./src/Drivers_LPC1769/DR_RTC.o
 .debug_macro   0x00000c2d      0x172 ./src/Drivers_LPC1769/DR_RTC.o
 .debug_macro   0x00000d9f      0x280 ./src/Drivers_LPC1769/DR_SysTick.o
 .debug_macro   0x0000101f       0x23 ./src/Drivers_LPC1769/DR_gpio.o
 .debug_macro   0x00001042       0x29 ./src/Drivers_LPC1769/DR_pinsel.o
 .debug_macro   0x0000106b       0x5e ./src/Drivers_LPC1769/DR_pinsel.o
 .debug_macro   0x000010c9      0x292 ./src/Drivers_LPC1769/DR_uart.o
 .debug_macro   0x0000135b       0x4b ./src/Drivers_Infotronic/DR_Antirebote_Digital.o
 .debug_macro   0x000013a6       0x35 ./src/Drivers_Infotronic/DR_LCD.o
 .debug_macro   0x000013db       0xa9 ./src/Drivers_Infotronic/DR_Segmento.o
 .debug_macro   0x00001484       0x39 ./src/Drivers_Infotronic/DR_Teclado.o
 .debug_macro   0x000014bd      0x45b ./src/Aplicacion/Infotronic_garage.o
 .debug_macro   0x00001918       0x82 ./src/Aplicacion/Infotronic_garage.o
 .debug_macro   0x0000199a       0x10 ./src/Aplicacion/Infotronic_garage.o
 .debug_macro   0x000019aa      0x387 ./src/Aplicacion/Inicializacion.o
 .debug_macro   0x00001d31      0x278 ./src/Aplicacion/maquina_estados.o
 .debug_macro   0x00001fa9       0x1d ./src/cr_startup_lpc175x_6x.o

.debug_line     0x00000000     0x38f6
 .debug_line    0x00000000      0x163 ./src/Primitivas/PR_7seg.o
 .debug_line    0x00000163      0x31d ./src/Primitivas/PR_LCD.o
 .debug_line    0x00000480       0xf7 ./src/Primitivas/PR_Pwm.o
 .debug_line    0x00000577       0xde ./src/Primitivas/PR_Teclado.o
 .debug_line    0x00000655      0x585 ./src/Primitivas/PR_Timer.o
 .debug_line    0x00000bda       0xc9 ./src/Drivers_LPC1769/DR_Adc.o
 .debug_line    0x00000ca3       0x90 ./src/Drivers_LPC1769/DR_EINT.o
 .debug_line    0x00000d33       0xac ./src/Drivers_LPC1769/DR_PLL.o
 .debug_line    0x00000ddf       0xca ./src/Drivers_LPC1769/DR_Pwm.o
 .debug_line    0x00000ea9      0x4d4 ./src/Drivers_LPC1769/DR_RTC.o
 .debug_line    0x0000137d      0x4da ./src/Drivers_LPC1769/DR_SysTick.o
 .debug_line    0x00001857       0xc9 ./src/Drivers_LPC1769/DR_gpio.o
 .debug_line    0x00001920       0x76 ./src/Drivers_LPC1769/DR_pinsel.o
 .debug_line    0x00001996      0x6bc ./src/Drivers_LPC1769/DR_uart.o
 .debug_line    0x00002052      0x148 ./src/Drivers_Infotronic/DR_Antirebote_Digital.o
 .debug_line    0x0000219a      0x1df ./src/Drivers_Infotronic/DR_LCD.o
 .debug_line    0x00002379      0x119 ./src/Drivers_Infotronic/DR_Segmento.o
 .debug_line    0x00002492      0x157 ./src/Drivers_Infotronic/DR_Teclado.o
 .debug_line    0x000025e9      0x546 ./src/Aplicacion/Infotronic_garage.o
 .debug_line    0x00002b2f      0x4d3 ./src/Aplicacion/Inicializacion.o
 .debug_line    0x00003002      0x820 ./src/Aplicacion/maquina_estados.o
 .debug_line    0x00003822       0xd4 ./src/cr_startup_lpc175x_6x.o

.debug_str      0x00000000     0x66c8
 .debug_str     0x00000000     0x293e ./src/Primitivas/PR_7seg.o
                               0x2991 (size before relaxing)
 .debug_str     0x0000293e      0xa59 ./src/Primitivas/PR_LCD.o
                               0x33cd (size before relaxing)
 .debug_str     0x00003397      0x3ca ./src/Primitivas/PR_Pwm.o
                               0x2e1e (size before relaxing)
 .debug_str     0x00003761       0x6d ./src/Primitivas/PR_Teclado.o
                               0x2564 (size before relaxing)
 .debug_str     0x000037ce     0x1885 ./src/Primitivas/PR_Timer.o
                               0x4f37 (size before relaxing)
 .debug_str     0x00005053      0x315 ./src/Drivers_LPC1769/DR_Adc.o
                               0x36df (size before relaxing)
 .debug_str     0x00005368       0x55 ./src/Drivers_LPC1769/DR_EINT.o
                               0x2ac6 (size before relaxing)
 .debug_str     0x000053bd       0x28 ./src/Drivers_LPC1769/DR_PLL.o
                               0x2a43 (size before relaxing)
 .debug_str     0x000053e5       0x48 ./src/Drivers_LPC1769/DR_Pwm.o
                               0x2dd8 (size before relaxing)
 .debug_str     0x0000542d      0x53e ./src/Drivers_LPC1769/DR_RTC.o
                               0x530d (size before relaxing)
 .debug_str     0x0000596b       0x6f ./src/Drivers_LPC1769/DR_SysTick.o
                               0x4ecb (size before relaxing)
 .debug_str     0x000059da       0x71 ./src/Drivers_LPC1769/DR_gpio.o
                               0x299e (size before relaxing)
 .debug_str     0x00005a4b       0x39 ./src/Drivers_LPC1769/DR_pinsel.o
                               0x2660 (size before relaxing)
 .debug_str     0x00005a84      0x162 ./src/Drivers_LPC1769/DR_uart.o
                               0x4f59 (size before relaxing)
 .debug_str     0x00005be6       0x47 ./src/Drivers_Infotronic/DR_Antirebote_Digital.o
                               0x2b10 (size before relaxing)
 .debug_str     0x00005c2d       0x82 ./src/Drivers_Infotronic/DR_LCD.o
                               0x2ccf (size before relaxing)
 .debug_str     0x00005caf      0x133 ./src/Drivers_Infotronic/DR_Segmento.o
                               0x2a7b (size before relaxing)
 .debug_str     0x00005de2       0x9b ./src/Drivers_Infotronic/DR_Teclado.o
                               0x2b49 (size before relaxing)
 .debug_str     0x00005e7d      0x474 ./src/Aplicacion/Infotronic_garage.o
                               0x5713 (size before relaxing)
 .debug_str     0x000062f1       0x43 ./src/Aplicacion/Inicializacion.o
                               0x5300 (size before relaxing)
 .debug_str     0x00006334      0x1e2 ./src/Aplicacion/maquina_estados.o
                               0x4ff1 (size before relaxing)
 .debug_str     0x00006516      0x1b2 ./src/cr_startup_lpc175x_6x.o
                               0x264a (size before relaxing)

.comment        0x00000000       0x70
 .comment       0x00000000       0x70 ./src/Primitivas/PR_7seg.o
                                 0x71 (size before relaxing)
 .comment       0x00000000       0x71 ./src/Primitivas/PR_LCD.o
 .comment       0x00000000       0x71 ./src/Primitivas/PR_Pwm.o
 .comment       0x00000000       0x71 ./src/Primitivas/PR_Teclado.o
 .comment       0x00000000       0x71 ./src/Primitivas/PR_Timer.o
 .comment       0x00000000       0x71 ./src/Drivers_LPC1769/DR_Adc.o
 .comment       0x00000000       0x71 ./src/Drivers_LPC1769/DR_EINT.o
 .comment       0x00000000       0x71 ./src/Drivers_LPC1769/DR_PLL.o
 .comment       0x00000000       0x71 ./src/Drivers_LPC1769/DR_Pwm.o
 .comment       0x00000000       0x71 ./src/Drivers_LPC1769/DR_RTC.o
 .comment       0x00000000       0x71 ./src/Drivers_LPC1769/DR_SysTick.o
 .comment       0x00000000       0x71 ./src/Drivers_LPC1769/DR_gpio.o
 .comment       0x00000000       0x71 ./src/Drivers_LPC1769/DR_pinsel.o
 .comment       0x00000000       0x71 ./src/Drivers_LPC1769/DR_uart.o
 .comment       0x00000000       0x71 ./src/Drivers_Infotronic/DR_Antirebote_Digital.o
 .comment       0x00000000       0x71 ./src/Drivers_Infotronic/DR_LCD.o
 .comment       0x00000000       0x71 ./src/Drivers_Infotronic/DR_Segmento.o
 .comment       0x00000000       0x71 ./src/Drivers_Infotronic/DR_Teclado.o
 .comment       0x00000000       0x71 ./src/Aplicacion/Infotronic_garage.o
 .comment       0x00000000       0x71 ./src/Aplicacion/Inicializacion.o
 .comment       0x00000000       0x71 ./src/Aplicacion/maquina_estados.o
 .comment       0x00000000       0x71 ./src/cr_startup_lpc175x_6x.o
 .comment       0x00000000       0x71 c:/nxp/lpcxpresso_7.7.2_379/lpcxpresso/tools/bin/../lib/gcc/arm-none-eabi/4.9.3/../../../../arm-none-eabi/lib/armv7-m\libcr_semihost.a(_cr__main.o)
 .comment       0x00000000       0x71 c:/nxp/lpcxpresso_7.7.2_379/lpcxpresso/tools/bin/../lib/gcc/arm-none-eabi/4.9.3/../../../../arm-none-eabi/lib/armv7-m\libcr_c.a(initio.o)
 .comment       0x00000000       0x71 c:/nxp/lpcxpresso_7.7.2_379/lpcxpresso/tools/bin/../lib/gcc/arm-none-eabi/4.9.3/../../../../arm-none-eabi/lib/armv7-m\libcr_c.a(itoa.o)
 .comment       0x00000000       0x71 c:/nxp/lpcxpresso_7.7.2_379/lpcxpresso/tools/bin/../lib/gcc/arm-none-eabi/4.9.3/../../../../arm-none-eabi/lib/armv7-m\libcr_c.a(scanf.o)
 .comment       0x00000000       0x71 c:/nxp/lpcxpresso_7.7.2_379/lpcxpresso/tools/bin/../lib/gcc/arm-none-eabi/4.9.3/../../../../arm-none-eabi/lib/armv7-m\libcr_c.a(setvbuf.o)
 .comment       0x00000000       0x71 c:/nxp/lpcxpresso_7.7.2_379/lpcxpresso/tools/bin/../lib/gcc/arm-none-eabi/4.9.3/../../../../arm-none-eabi/lib/armv7-m\libcr_c.a(stdio.o)
 .comment       0x00000000       0x71 c:/nxp/lpcxpresso_7.7.2_379/lpcxpresso/tools/bin/../lib/gcc/arm-none-eabi/4.9.3/../../../../arm-none-eabi/lib/armv7-m\libcr_c.a(strcpy.o)
 .comment       0x00000000       0x71 c:/nxp/lpcxpresso_7.7.2_379/lpcxpresso/tools/bin/../lib/gcc/arm-none-eabi/4.9.3/../../../../arm-none-eabi/lib/armv7-m\libcr_c.a(strlen.o)
 .comment       0x00000000       0x71 c:/nxp/lpcxpresso_7.7.2_379/lpcxpresso/tools/bin/../lib/gcc/arm-none-eabi/4.9.3/../../../../arm-none-eabi/lib/armv7-m\libcr_c.a(memset.o)
 .comment       0x00000000       0x71 c:/nxp/lpcxpresso_7.7.2_379/lpcxpresso/tools/bin/../lib/gcc/arm-none-eabi/4.9.3/../../../../arm-none-eabi/lib/armv7-m\libcr_c.a(_deferredlazyseek.o)
 .comment       0x00000000       0x71 c:/nxp/lpcxpresso_7.7.2_379/lpcxpresso/tools/bin/../lib/gcc/arm-none-eabi/4.9.3/../../../../arm-none-eabi/lib/armv7-m\libcr_c.a(_fdopen.o)
 .comment       0x00000000       0x71 c:/nxp/lpcxpresso_7.7.2_379/lpcxpresso/tools/bin/../lib/gcc/arm-none-eabi/4.9.3/../../../../arm-none-eabi/lib/armv7-m\libcr_c.a(_fflush.o)
 .comment       0x00000000       0x71 c:/nxp/lpcxpresso_7.7.2_379/lpcxpresso/tools/bin/../lib/gcc/arm-none-eabi/4.9.3/../../../../arm-none-eabi/lib/armv7-m\libcr_c.a(_writebuf.o)
 .comment       0x00000000       0x71 c:/nxp/lpcxpresso_7.7.2_379/lpcxpresso/tools/bin/../lib/gcc/arm-none-eabi/4.9.3/../../../../arm-none-eabi/lib/armv7-m\libcr_c.a(alloc.o)
 .comment       0x00000000       0x71 c:/nxp/lpcxpresso_7.7.2_379/lpcxpresso/tools/bin/../lib/gcc/arm-none-eabi/4.9.3/../../../../arm-none-eabi/lib/armv7-m\libcr_c.a(ctype.o)
 .comment       0x00000000       0x71 c:/nxp/lpcxpresso_7.7.2_379/lpcxpresso/tools/bin/../lib/gcc/arm-none-eabi/4.9.3/../../../../arm-none-eabi/lib/armv7-m\libcr_c.a(errno.o)
 .comment       0x00000000       0x71 c:/nxp/lpcxpresso_7.7.2_379/lpcxpresso/tools/bin/../lib/gcc/arm-none-eabi/4.9.3/../../../../arm-none-eabi/lib/armv7-m\libcr_c.a(fclose.o)
 .comment       0x00000000       0x71 c:/nxp/lpcxpresso_7.7.2_379/lpcxpresso/tools/bin/../lib/gcc/arm-none-eabi/4.9.3/../../../../arm-none-eabi/lib/armv7-m\libcr_c.a(fflush.o)
 .comment       0x00000000       0x71 c:/nxp/lpcxpresso_7.7.2_379/lpcxpresso/tools/bin/../lib/gcc/arm-none-eabi/4.9.3/../../../../arm-none-eabi/lib/armv7-m\libcr_c.a(fseek.o)
 .comment       0x00000000       0x71 c:/nxp/lpcxpresso_7.7.2_379/lpcxpresso/tools/bin/../lib/gcc/arm-none-eabi/4.9.3/../../../../arm-none-eabi/lib/armv7-m\libcr_c.a(ftell.o)
 .comment       0x00000000       0x71 c:/nxp/lpcxpresso_7.7.2_379/lpcxpresso/tools/bin/../lib/gcc/arm-none-eabi/4.9.3/../../../../arm-none-eabi/lib/armv7-m\libcr_c.a(remove.o)
 .comment       0x00000000       0x71 c:/nxp/lpcxpresso_7.7.2_379/lpcxpresso/tools/bin/../lib/gcc/arm-none-eabi/4.9.3/../../../../arm-none-eabi/lib/armv7-m\libcr_c.a(__init_alloc.o)
 .comment       0x00000000       0x71 c:/nxp/lpcxpresso_7.7.2_379/lpcxpresso/tools/bin/../lib/gcc/arm-none-eabi/4.9.3/../../../../arm-none-eabi/lib/armv7-m\libcr_c.a(_cr_sbrk.o)
 .comment       0x00000000       0x71 c:/nxp/lpcxpresso_7.7.2_379/lpcxpresso/tools/bin/../lib/gcc/arm-none-eabi/4.9.3/../../../../arm-none-eabi/lib/armv7-m\libcr_c.a(_do_fflush.o)
 .comment       0x00000000       0x71 c:/nxp/lpcxpresso_7.7.2_379/lpcxpresso/tools/bin/../lib/gcc/arm-none-eabi/4.9.3/../../../../arm-none-eabi/lib/armv7-m\libcr_c.a(_cr_check_heap.o)

.ARM.attributes
                0x00000000       0x31
 .ARM.attributes
                0x00000000       0x33 ./src/Primitivas/PR_7seg.o
 .ARM.attributes
                0x00000033       0x33 ./src/Primitivas/PR_LCD.o
 .ARM.attributes
                0x00000066       0x33 ./src/Primitivas/PR_Pwm.o
 .ARM.attributes
                0x00000099       0x33 ./src/Primitivas/PR_Teclado.o
 .ARM.attributes
                0x000000cc       0x33 ./src/Primitivas/PR_Timer.o
 .ARM.attributes
                0x000000ff       0x33 ./src/Drivers_LPC1769/DR_Adc.o
 .ARM.attributes
                0x00000132       0x33 ./src/Drivers_LPC1769/DR_EINT.o
 .ARM.attributes
                0x00000165       0x33 ./src/Drivers_LPC1769/DR_PLL.o
 .ARM.attributes
                0x00000198       0x33 ./src/Drivers_LPC1769/DR_Pwm.o
 .ARM.attributes
                0x000001cb       0x33 ./src/Drivers_LPC1769/DR_RTC.o
 .ARM.attributes
                0x000001fe       0x33 ./src/Drivers_LPC1769/DR_SysTick.o
 .ARM.attributes
                0x00000231       0x33 ./src/Drivers_LPC1769/DR_gpio.o
 .ARM.attributes
                0x00000264       0x33 ./src/Drivers_LPC1769/DR_pinsel.o
 .ARM.attributes
                0x00000297       0x33 ./src/Drivers_LPC1769/DR_uart.o
 .ARM.attributes
                0x000002ca       0x33 ./src/Drivers_Infotronic/DR_Antirebote_Digital.o
 .ARM.attributes
                0x000002fd       0x33 ./src/Drivers_Infotronic/DR_LCD.o
 .ARM.attributes
                0x00000330       0x33 ./src/Drivers_Infotronic/DR_Segmento.o
 .ARM.attributes
                0x00000363       0x33 ./src/Drivers_Infotronic/DR_Teclado.o
 .ARM.attributes
                0x00000396       0x33 ./src/Aplicacion/Infotronic_garage.o
 .ARM.attributes
                0x000003c9       0x33 ./src/Aplicacion/Inicializacion.o
 .ARM.attributes
                0x000003fc       0x33 ./src/Aplicacion/maquina_estados.o
 .ARM.attributes
                0x0000042f       0x33 ./src/cr_startup_lpc175x_6x.o
 .ARM.attributes
                0x00000462       0x33 c:/nxp/lpcxpresso_7.7.2_379/lpcxpresso/tools/bin/../lib/gcc/arm-none-eabi/4.9.3/../../../../arm-none-eabi/lib/armv7-m\libcr_semihost.a(_cr__main.o)
 .ARM.attributes
                0x00000495       0x33 c:/nxp/lpcxpresso_7.7.2_379/lpcxpresso/tools/bin/../lib/gcc/arm-none-eabi/4.9.3/../../../../arm-none-eabi/lib/armv7-m\libcr_c.a(initio.o)
 .ARM.attributes
                0x000004c8       0x33 c:/nxp/lpcxpresso_7.7.2_379/lpcxpresso/tools/bin/../lib/gcc/arm-none-eabi/4.9.3/../../../../arm-none-eabi/lib/armv7-m\libcr_c.a(itoa.o)
 .ARM.attributes
                0x000004fb       0x33 c:/nxp/lpcxpresso_7.7.2_379/lpcxpresso/tools/bin/../lib/gcc/arm-none-eabi/4.9.3/../../../../arm-none-eabi/lib/armv7-m\libcr_c.a(scanf.o)
 .ARM.attributes
                0x0000052e       0x33 c:/nxp/lpcxpresso_7.7.2_379/lpcxpresso/tools/bin/../lib/gcc/arm-none-eabi/4.9.3/../../../../arm-none-eabi/lib/armv7-m\libcr_c.a(setvbuf.o)
 .ARM.attributes
                0x00000561       0x33 c:/nxp/lpcxpresso_7.7.2_379/lpcxpresso/tools/bin/../lib/gcc/arm-none-eabi/4.9.3/../../../../arm-none-eabi/lib/armv7-m\libcr_c.a(stdio.o)
 .ARM.attributes
                0x00000594       0x33 c:/nxp/lpcxpresso_7.7.2_379/lpcxpresso/tools/bin/../lib/gcc/arm-none-eabi/4.9.3/../../../../arm-none-eabi/lib/armv7-m\libcr_c.a(strcpy.o)
 .ARM.attributes
                0x000005c7       0x33 c:/nxp/lpcxpresso_7.7.2_379/lpcxpresso/tools/bin/../lib/gcc/arm-none-eabi/4.9.3/../../../../arm-none-eabi/lib/armv7-m\libcr_c.a(strlen.o)
 .ARM.attributes
                0x000005fa       0x33 c:/nxp/lpcxpresso_7.7.2_379/lpcxpresso/tools/bin/../lib/gcc/arm-none-eabi/4.9.3/../../../../arm-none-eabi/lib/armv7-m\libcr_c.a(memset.o)
 .ARM.attributes
                0x0000062d       0x33 c:/nxp/lpcxpresso_7.7.2_379/lpcxpresso/tools/bin/../lib/gcc/arm-none-eabi/4.9.3/../../../../arm-none-eabi/lib/armv7-m\libcr_c.a(_deferredlazyseek.o)
 .ARM.attributes
                0x00000660       0x33 c:/nxp/lpcxpresso_7.7.2_379/lpcxpresso/tools/bin/../lib/gcc/arm-none-eabi/4.9.3/../../../../arm-none-eabi/lib/armv7-m\libcr_c.a(_fdopen.o)
 .ARM.attributes
                0x00000693       0x33 c:/nxp/lpcxpresso_7.7.2_379/lpcxpresso/tools/bin/../lib/gcc/arm-none-eabi/4.9.3/../../../../arm-none-eabi/lib/armv7-m\libcr_c.a(_fflush.o)
 .ARM.attributes
                0x000006c6       0x33 c:/nxp/lpcxpresso_7.7.2_379/lpcxpresso/tools/bin/../lib/gcc/arm-none-eabi/4.9.3/../../../../arm-none-eabi/lib/armv7-m\libcr_c.a(_writebuf.o)
 .ARM.attributes
                0x000006f9       0x33 c:/nxp/lpcxpresso_7.7.2_379/lpcxpresso/tools/bin/../lib/gcc/arm-none-eabi/4.9.3/../../../../arm-none-eabi/lib/armv7-m\libcr_c.a(alloc.o)
 .ARM.attributes
                0x0000072c       0x33 c:/nxp/lpcxpresso_7.7.2_379/lpcxpresso/tools/bin/../lib/gcc/arm-none-eabi/4.9.3/../../../../arm-none-eabi/lib/armv7-m\libcr_c.a(ctype.o)
 .ARM.attributes
                0x0000075f       0x33 c:/nxp/lpcxpresso_7.7.2_379/lpcxpresso/tools/bin/../lib/gcc/arm-none-eabi/4.9.3/../../../../arm-none-eabi/lib/armv7-m\libcr_c.a(errno.o)
 .ARM.attributes
                0x00000792       0x33 c:/nxp/lpcxpresso_7.7.2_379/lpcxpresso/tools/bin/../lib/gcc/arm-none-eabi/4.9.3/../../../../arm-none-eabi/lib/armv7-m\libcr_c.a(fclose.o)
 .ARM.attributes
                0x000007c5       0x33 c:/nxp/lpcxpresso_7.7.2_379/lpcxpresso/tools/bin/../lib/gcc/arm-none-eabi/4.9.3/../../../../arm-none-eabi/lib/armv7-m\libcr_c.a(fflush.o)
 .ARM.attributes
                0x000007f8       0x33 c:/nxp/lpcxpresso_7.7.2_379/lpcxpresso/tools/bin/../lib/gcc/arm-none-eabi/4.9.3/../../../../arm-none-eabi/lib/armv7-m\libcr_c.a(fseek.o)
 .ARM.attributes
                0x0000082b       0x33 c:/nxp/lpcxpresso_7.7.2_379/lpcxpresso/tools/bin/../lib/gcc/arm-none-eabi/4.9.3/../../../../arm-none-eabi/lib/armv7-m\libcr_c.a(ftell.o)
 .ARM.attributes
                0x0000085e       0x33 c:/nxp/lpcxpresso_7.7.2_379/lpcxpresso/tools/bin/../lib/gcc/arm-none-eabi/4.9.3/../../../../arm-none-eabi/lib/armv7-m\libcr_c.a(remove.o)
 .ARM.attributes
                0x00000891       0x33 c:/nxp/lpcxpresso_7.7.2_379/lpcxpresso/tools/bin/../lib/gcc/arm-none-eabi/4.9.3/../../../../arm-none-eabi/lib/armv7-m\libcr_c.a(__init_alloc.o)
 .ARM.attributes
                0x000008c4       0x33 c:/nxp/lpcxpresso_7.7.2_379/lpcxpresso/tools/bin/../lib/gcc/arm-none-eabi/4.9.3/../../../../arm-none-eabi/lib/armv7-m\libcr_c.a(_cr_sbrk.o)
 .ARM.attributes
                0x000008f7       0x33 c:/nxp/lpcxpresso_7.7.2_379/lpcxpresso/tools/bin/../lib/gcc/arm-none-eabi/4.9.3/../../../../arm-none-eabi/lib/armv7-m\libcr_c.a(_do_fflush.o)
 .ARM.attributes
                0x0000092a       0x33 c:/nxp/lpcxpresso_7.7.2_379/lpcxpresso/tools/bin/../lib/gcc/arm-none-eabi/4.9.3/../../../../arm-none-eabi/lib/armv7-m\libcr_c.a(_cr_check_heap.o)
 .ARM.attributes
                0x0000095d       0x21 c:/nxp/lpcxpresso_7.7.2_379/lpcxpresso/tools/bin/../lib/gcc/arm-none-eabi/4.9.3/armv7-m\libcr_eabihelpers.a(memcpy.o)
 .ARM.attributes
                0x0000097e       0x21 c:/nxp/lpcxpresso_7.7.2_379/lpcxpresso/tools/bin/../lib/gcc/arm-none-eabi/4.9.3/../../../../arm-none-eabi/lib/armv7-m\libcr_semihost.a(__sys_appexit.o)
 .ARM.attributes
                0x0000099f       0x21 c:/nxp/lpcxpresso_7.7.2_379/lpcxpresso/tools/bin/../lib/gcc/arm-none-eabi/4.9.3/../../../../arm-none-eabi/lib/armv7-m\libcr_semihost.a(__sys_close.o)
 .ARM.attributes
                0x000009c0       0x21 c:/nxp/lpcxpresso_7.7.2_379/lpcxpresso/tools/bin/../lib/gcc/arm-none-eabi/4.9.3/../../../../arm-none-eabi/lib/armv7-m\libcr_semihost.a(__sys_flen.o)
 .ARM.attributes
                0x000009e1       0x21 c:/nxp/lpcxpresso_7.7.2_379/lpcxpresso/tools/bin/../lib/gcc/arm-none-eabi/4.9.3/../../../../arm-none-eabi/lib/armv7-m\libcr_semihost.a(__sys_istty.o)
 .ARM.attributes
                0x00000a02       0x21 c:/nxp/lpcxpresso_7.7.2_379/lpcxpresso/tools/bin/../lib/gcc/arm-none-eabi/4.9.3/../../../../arm-none-eabi/lib/armv7-m\libcr_semihost.a(__sys_remove.o)
 .ARM.attributes
                0x00000a23       0x21 c:/nxp/lpcxpresso_7.7.2_379/lpcxpresso/tools/bin/../lib/gcc/arm-none-eabi/4.9.3/../../../../arm-none-eabi/lib/armv7-m\libcr_semihost.a(__sys_seek.o)
 .ARM.attributes
                0x00000a44       0x21 c:/nxp/lpcxpresso_7.7.2_379/lpcxpresso/tools/bin/../lib/gcc/arm-none-eabi/4.9.3/../../../../arm-none-eabi/lib/armv7-m\libcr_semihost.a(__sys_tmpnam.o)
 .ARM.attributes
                0x00000a65       0x21 c:/nxp/lpcxpresso_7.7.2_379/lpcxpresso/tools/bin/../lib/gcc/arm-none-eabi/4.9.3/../../../../arm-none-eabi/lib/armv7-m\libcr_semihost.a(__sys_write.o)

.debug_frame    0x00000000      0xf54
 .debug_frame   0x00000000       0x38 ./src/Primitivas/PR_7seg.o
 .debug_frame   0x00000038      0x140 ./src/Primitivas/PR_LCD.o
 .debug_frame   0x00000178       0x38 ./src/Primitivas/PR_Pwm.o
 .debug_frame   0x000001b0       0x60 ./src/Primitivas/PR_Teclado.o
 .debug_frame   0x00000210      0x198 ./src/Primitivas/PR_Timer.o
 .debug_frame   0x000003a8       0x4c ./src/Drivers_LPC1769/DR_Adc.o
 .debug_frame   0x000003f4       0x4c ./src/Drivers_LPC1769/DR_EINT.o
 .debug_frame   0x00000440       0x30 ./src/Drivers_LPC1769/DR_PLL.o
 .debug_frame   0x00000470       0x74 ./src/Drivers_LPC1769/DR_Pwm.o
 .debug_frame   0x000004e4       0x78 ./src/Drivers_LPC1769/DR_RTC.o
 .debug_frame   0x0000055c       0x4c ./src/Drivers_LPC1769/DR_SysTick.o
 .debug_frame   0x000005a8       0xd8 ./src/Drivers_LPC1769/DR_gpio.o
 .debug_frame   0x00000680       0x38 ./src/Drivers_LPC1769/DR_pinsel.o
 .debug_frame   0x000006b8      0x1a8 ./src/Drivers_LPC1769/DR_uart.o
 .debug_frame   0x00000860       0x34 ./src/Drivers_Infotronic/DR_Antirebote_Digital.o
 .debug_frame   0x00000894      0x140 ./src/Drivers_Infotronic/DR_LCD.o
 .debug_frame   0x000009d4       0x50 ./src/Drivers_Infotronic/DR_Segmento.o
 .debug_frame   0x00000a24       0x74 ./src/Drivers_Infotronic/DR_Teclado.o
 .debug_frame   0x00000a98       0x2c ./src/Aplicacion/Infotronic_garage.o
 .debug_frame   0x00000ac4       0x6c ./src/Aplicacion/Inicializacion.o
 .debug_frame   0x00000b30      0x2b4 ./src/Aplicacion/maquina_estados.o
 .debug_frame   0x00000de4      0x170 ./src/cr_startup_lpc175x_6x.o
